Component: ARM Compiler 5.06 update 6 (build 750) Tool: armlink [4d35ed]

==============================================================================

Section Cross References

    startup_stm32f10x_md.o(STACK) refers (Special) to heapauxi.o(.text) for __use_two_region_memory
    startup_stm32f10x_md.o(HEAP) refers (Special) to heapauxi.o(.text) for __use_two_region_memory
    startup_stm32f10x_md.o(RESET) refers (Special) to heapauxi.o(.text) for __use_two_region_memory
    startup_stm32f10x_md.o(RESET) refers to startup_stm32f10x_md.o(STACK) for __initial_sp
    startup_stm32f10x_md.o(RESET) refers to startup_stm32f10x_md.o(.text) for Reset_Handler
    startup_stm32f10x_md.o(RESET) refers to stm32f10x_it.o(i.EXTI9_5_IRQHandler) for EXTI9_5_IRQHandler
    startup_stm32f10x_md.o(RESET) refers to stm32f10x_it.o(i.TIM1_UP_IRQHandler) for TIM1_UP_IRQHandler
    startup_stm32f10x_md.o(RESET) refers to stm32f10x_it.o(i.TIM2_IRQHandler) for TIM2_IRQHandler
    startup_stm32f10x_md.o(RESET) refers to uart_1.o(i.USART2_IRQHandler) for USART2_IRQHandler
    startup_stm32f10x_md.o(.text) refers (Special) to heapauxi.o(.text) for __use_two_region_memory
    startup_stm32f10x_md.o(.text) refers to system_stm32f10x.o(i.SystemInit) for SystemInit
    startup_stm32f10x_md.o(.text) refers to __main.o(!!!main) for __main
    startup_stm32f10x_md.o(.text) refers to startup_stm32f10x_md.o(HEAP) for Heap_Mem
    startup_stm32f10x_md.o(.text) refers to startup_stm32f10x_md.o(STACK) for Stack_Mem
    stm32f10x_adc.o(i.ADC_DeInit) refers to stm32f10x_rcc.o(i.RCC_APB2PeriphResetCmd) for RCC_APB2PeriphResetCmd
    stm32f10x_flash.o(i.FLASH_EnableWriteProtection) refers to stm32f10x_flash.o(i.FLASH_WaitForLastOperation) for FLASH_WaitForLastOperation
    stm32f10x_flash.o(i.FLASH_EraseAllBank1Pages) refers to stm32f10x_flash.o(i.FLASH_WaitForLastBank1Operation) for FLASH_WaitForLastBank1Operation
    stm32f10x_flash.o(i.FLASH_EraseAllPages) refers to stm32f10x_flash.o(i.FLASH_WaitForLastOperation) for FLASH_WaitForLastOperation
    stm32f10x_flash.o(i.FLASH_EraseOptionBytes) refers to stm32f10x_flash.o(i.FLASH_GetReadOutProtectionStatus) for FLASH_GetReadOutProtectionStatus
    stm32f10x_flash.o(i.FLASH_EraseOptionBytes) refers to stm32f10x_flash.o(i.FLASH_WaitForLastOperation) for FLASH_WaitForLastOperation
    stm32f10x_flash.o(i.FLASH_ErasePage) refers to stm32f10x_flash.o(i.FLASH_WaitForLastOperation) for FLASH_WaitForLastOperation
    stm32f10x_flash.o(i.FLASH_ProgramHalfWord) refers to stm32f10x_flash.o(i.FLASH_WaitForLastOperation) for FLASH_WaitForLastOperation
    stm32f10x_flash.o(i.FLASH_ProgramOptionByteData) refers to stm32f10x_flash.o(i.FLASH_WaitForLastOperation) for FLASH_WaitForLastOperation
    stm32f10x_flash.o(i.FLASH_ProgramWord) refers to stm32f10x_flash.o(i.FLASH_WaitForLastOperation) for FLASH_WaitForLastOperation
    stm32f10x_flash.o(i.FLASH_ReadOutProtection) refers to stm32f10x_flash.o(i.FLASH_WaitForLastOperation) for FLASH_WaitForLastOperation
    stm32f10x_flash.o(i.FLASH_UserOptionByteConfig) refers to stm32f10x_flash.o(i.FLASH_WaitForLastOperation) for FLASH_WaitForLastOperation
    stm32f10x_flash.o(i.FLASH_WaitForLastBank1Operation) refers to stm32f10x_flash.o(i.FLASH_GetBank1Status) for FLASH_GetBank1Status
    stm32f10x_flash.o(i.FLASH_WaitForLastOperation) refers to stm32f10x_flash.o(i.FLASH_GetBank1Status) for FLASH_GetBank1Status
    stm32f10x_gpio.o(i.GPIO_AFIODeInit) refers to stm32f10x_rcc.o(i.RCC_APB2PeriphResetCmd) for RCC_APB2PeriphResetCmd
    stm32f10x_gpio.o(i.GPIO_DeInit) refers to stm32f10x_rcc.o(i.RCC_APB2PeriphResetCmd) for RCC_APB2PeriphResetCmd
    stm32f10x_pwr.o(i.PWR_DeInit) refers to stm32f10x_rcc.o(i.RCC_APB1PeriphResetCmd) for RCC_APB1PeriphResetCmd
    stm32f10x_rcc.o(i.RCC_GetClocksFreq) refers to stm32f10x_rcc.o(.data) for APBAHBPrescTable
    stm32f10x_rcc.o(i.RCC_WaitForHSEStartUp) refers to stm32f10x_rcc.o(i.RCC_GetFlagStatus) for RCC_GetFlagStatus
    stm32f10x_spi.o(i.I2S_Init) refers to stm32f10x_rcc.o(i.RCC_GetClocksFreq) for RCC_GetClocksFreq
    stm32f10x_spi.o(i.SPI_I2S_DeInit) refers to stm32f10x_rcc.o(i.RCC_APB2PeriphResetCmd) for RCC_APB2PeriphResetCmd
    stm32f10x_spi.o(i.SPI_I2S_DeInit) refers to stm32f10x_rcc.o(i.RCC_APB1PeriphResetCmd) for RCC_APB1PeriphResetCmd
    stm32f10x_tim.o(i.TIM_DeInit) refers to stm32f10x_rcc.o(i.RCC_APB2PeriphResetCmd) for RCC_APB2PeriphResetCmd
    stm32f10x_tim.o(i.TIM_DeInit) refers to stm32f10x_rcc.o(i.RCC_APB1PeriphResetCmd) for RCC_APB1PeriphResetCmd
    stm32f10x_tim.o(i.TIM_ETRClockMode1Config) refers to stm32f10x_tim.o(i.TIM_ETRConfig) for TIM_ETRConfig
    stm32f10x_tim.o(i.TIM_ETRClockMode2Config) refers to stm32f10x_tim.o(i.TIM_ETRConfig) for TIM_ETRConfig
    stm32f10x_tim.o(i.TIM_ICInit) refers to stm32f10x_tim.o(i.TI1_Config) for TI1_Config
    stm32f10x_tim.o(i.TIM_ICInit) refers to stm32f10x_tim.o(i.TIM_SetIC1Prescaler) for TIM_SetIC1Prescaler
[...]
    ../clib/signal.c                         0x00000000   Number         0  defsig_cppl_inner.o ABSOLUTE
    ../clib/signal.c                         0x00000000   Number         0  defsig_segv_inner.o ABSOLUTE
    ../clib/signal.c                         0x00000000   Number         0  defsig_exit.o ABSOLUTE
    ../clib/signal.c                         0x00000000   Number         0  __raise.o ABSOLUTE
    ../clib/signal.c                         0x00000000   Number         0  defsig_general.o ABSOLUTE
    ../clib/signal.c                         0x00000000   Number         0  defsig_abrt_inner.o ABSOLUTE
    ../clib/signal.c                         0x00000000   Number         0  defsig_fpe_inner.o ABSOLUTE
    ../clib/signal.c                         0x00000000   Number         0  defsig_other.o ABSOLUTE
    ../clib/signal.s                         0x00000000   Number         0  defsig.o ABSOLUTE
    ../clib/stdlib.c                         0x00000000   Number         0  exit.o ABSOLUTE
    ../fplib/fpinit.s                        0x00000000   Number         0  fpinit.o ABSOLUTE
    ..\CORE\startup_stm32f10x_md.s           0x00000000   Number         0  startup_stm32f10x_md.o ABSOLUTE
    ..\UserDrive\5182.c                      0x00000000   Number         0  5182_1.o ABSOLUTE
    ..\UserDrive\ADC.c                       0x00000000   Number         0  adc_1.o ABSOLUTE
    ..\UserDrive\Delay.c                     0x00000000   Number         0  delay_1.o ABSOLUTE
    ..\UserDrive\Drv8301.c                   0x00000000   Number         0  drv8301_1.o ABSOLUTE
    ..\UserDrive\GPIO.c                      0x00000000   Number         0  gpio_1.o ABSOLUTE
    ..\UserDrive\HALL.c                      0x00000000   Number         0  hall_1.o ABSOLUTE
    ..\UserDrive\IWDG.c                      0x00000000   Number         0  iwdg_1.o ABSOLUTE
    ..\UserDrive\MotorControl.c              0x00000000   Number         0  motorcontrol_1.o ABSOLUTE
    ..\UserDrive\SPI.c                       0x00000000   Number         0  spi_1.o ABSOLUTE
    ..\UserDrive\Timer.c                     0x00000000   Number         0  timer_1.o ABSOLUTE
    ..\UserDrive\UART.c                      0x00000000   Number         0  uart_1.o ABSOLUTE
    ..\UserDrive\USART.c                     0x00000000   Number         0  usart.o ABSOLUTE
    ..\UserDrive\flash.c                     0x00000000   Number         0  flash_1.o ABSOLUTE
    ..\stm32f10x_FWLib\src\misc.c            0x00000000   Number         0  misc.o ABSOLUTE
    ..\stm32f10x_FWLib\src\stm32f10x_adc.c   0x00000000   Number         0  stm32f10x_adc.o ABSOLUTE
    ..\stm32f10x_FWLib\src\stm32f10x_crc.c   0x00000000   Number         0  stm32f10x_crc.o ABSOLUTE
    ..\stm32f10x_FWLib\src\stm32f10x_dma.c   0x00000000   Number         0  stm32f10x_dma.o ABSOLUTE
    ..\stm32f10x_FWLib\src\stm32f10x_exti.c  0x00000000   Number         0  stm32f10x_exti.o ABSOLUTE
    ..\stm32f10x_FWLib\src\stm32f10x_flash.c 0x00000000   Number         0  stm32f10x_flash.o ABSOLUTE
    ..\stm32f10x_FWLib\src\stm32f10x_fsmc.c  0x00000000   Number         0  stm32f10x_fsmc.o ABSOLUTE
    ..\stm32f10x_FWLib\src\stm32f10x_gpio.c  0x00000000   Number         0  stm32f10x_gpio.o ABSOLUTE
    ..\stm32f10x_FWLib\src\stm32f10x_iwdg.c  0x00000000   Number         0  stm32f10x_iwdg.o ABSOLUTE
    ..\stm32f10x_FWLib\src\stm32f10x_pwr.c   0x00000000   Number         0  stm32f10x_pwr.o ABSOLUTE
    ..\stm32f10x_FWLib\src\stm32f10x_rcc.c   0x00000000   Number         0  stm32f10x_rcc.o ABSOLUTE
    ..\stm32f10x_FWLib\src\stm32f10x_sdio.c  0x00000000   Number         0  stm32f10x_sdio.o ABSOLUTE
    ..\stm32f10x_FWLib\src\stm32f10x_spi.c   0x00000000   Number         0  stm32f10x_spi.o ABSOLUTE
    ..\stm32f10x_FWLib\src\stm32f10x_tim.c   0x00000000   Number         0  stm32f10x_tim.o ABSOLUTE
    ..\stm32f10x_FWLib\src\stm32f10x_usart.c 0x00000000   Number         0  stm32f10x_usart.o ABSOLUTE
    Protect.c                                0x00000000   Number         0  protect.o ABSOLUTE
    System.c                                 0x00000000   Number         0  system.o ABSOLUTE
    dc.s                                     0x00000000   Number         0  dc.o ABSOLUTE
    main.c                                   0x00000000   Number         0  main.o ABSOLUTE
    stm32f10x_it.c                           0x00000000   Number         0  stm32f10x_it.o ABSOLUTE
    system_stm32f10x.c                       0x00000000   Number         0  system_stm32f10x.o ABSOLUTE
    RESET                                    0x08000000   Section      236  startup_stm32f10x_md.o(RESET)
    !!!main                                  0x080000ec   Section        8  __main.o(!!!main)
    !!!scatter                               0x080000f4   Section       52  __scatter.o(!!!scatter)
    !!handler_copy                           0x08000128   Section       26  __scatter_copy.o(!!handler_copy)
    !!handler_zi                             0x08000144   Section       28  __scatter_zi.o(!!handler_zi)
    .ARM.Collect$$libinit$$00000000          0x08000160   Section        2  libinit.o(.ARM.Collect$$libinit$$00000000)
    .ARM.Collect$$libinit$$00000002          0x08000162   Section        0  libinit2.o(.ARM.Collect$$libinit$$00000002)
    .ARM.Collect$$libinit$$00000004          0x08000162   Section        0  libinit2.o(.ARM.Collect$$libinit$$00000004)
    .ARM.Collect$$libinit$$0000000A          0x08000162   Section        0  libinit2.o(.ARM.Collect$$libinit$$0000000A)
    .ARM.Collect$$libinit$$0000000C          0x08000162   Section        0  libinit2.o(.ARM.Collect$$libinit$$0000000C)
    .ARM.Collect$$libinit$$0000000E          0x08000162   Section        0  libinit2.o(.ARM.Collect$$libinit$$0000000E)
    .ARM.Collect$$libinit$$00000011          0x08000162   Section        0  libinit2.o(.ARM.Collect$$libinit$$00000011)
    .ARM.Collect$$libinit$$00000013          0x08000162   Section        0  libinit2.o(.ARM.Collect$$libinit$$00000013)
    .ARM.Collect$$libinit$$00000015          0x08000162   Section        0  libinit2.o(.ARM.Collect$$libinit$$00000015)
    .ARM.Collect$$libinit$$00000017          0x08000162   Section        0  libinit2.o(.ARM.Collect$$libinit$$00000017)
    .ARM.Collect$$libinit$$00000019          0x08000162   Section        0  libinit2.o(.ARM.Collect$$libinit$$00000019)
    .ARM.Collect$$libinit$$0000001B          0x08000162   Section        0  libinit2.o(.ARM.Collect$$libinit$$0000001B)
    .ARM.Collect$$libinit$$0000001D          0x08000162   Section        0  libinit2.o(.ARM.Collect$$libinit$$0000001D)
    .ARM.Collect$$libinit$$0000001F          0x08000162   Section        0  libinit2.o(.ARM.Collect$$libinit$$0000001F)
    .ARM.Collect$$libinit$$00000021          0x08000162   Section        0  libinit2.o(.ARM.Collect$$libinit$$00000021)
    .ARM.Collect$$libinit$$00000023          0x08000162   Section        0  libinit2.o(.ARM.Collect$$libinit$$00000023)
    .ARM.Collect$$libinit$$00000025          0x08000162   Section        0  libinit2.o(.ARM.Collect$$libinit$$00000025)
    .ARM.Collect$$libinit$$0000002C          0x08000162   Section        0  libinit2.o(.ARM.Collect$$libinit$$0000002C)
    .ARM.Collect$$libinit$$0000002E          0x08000162   Section        0  libinit2.o(.ARM.Collect$$libinit$$0000002E)
    .ARM.Collect$$libinit$$00000030          0x08000162   Section        0  libinit2.o(.ARM.Collect$$libinit$$00000030)
    .ARM.Collect$$libinit$$00000032          0x08000162   Section        0  libinit2.o(.ARM.Collect$$libinit$$00000032)
    .ARM.Collect$$libinit$$00000033          0x08000162   Section        2  libinit2.o(.ARM.Collect$$libinit$$00000033)
    .ARM.Collect$$libshutdown$$00000000      0x08000164   Section        2  libshutdown.o(.ARM.Collect$$libshutdown$$00000000)
    .ARM.Collect$$libshutdown$$00000002      0x08000166   Section        0  libshutdown2.o(.ARM.Collect$$libshutdown$$00000002)
    .ARM.Collect$$libshutdown$$00000004      0x08000166   Section        0  libshutdown2.o(.ARM.Collect$$libshutdown$$00000004)
    .ARM.Collect$$libshutdown$$00000007      0x08000166   Section        0  libshutdown2.o(.ARM.Collect$$libshutdown$$00000007)
    .ARM.Collect$$libshutdown$$0000000A      0x08000166   Section        0  libshutdown2.o(.ARM.Collect$$libshutdown$$0000000A)
    .ARM.Collect$$libshutdown$$0000000C      0x08000166   Section        0  libshutdown2.o(.ARM.Collect$$libshutdown$$0000000C)
    .ARM.Collect$$libshutdown$$0000000F      0x08000166   Section        0  libshutdown2.o(.ARM.Collect$$libshutdown$$0000000F)
    .ARM.Collect$$libshutdown$$00000010      0x08000166   Section        2  libshutdown2.o(.ARM.Collect$$libshutdown$$00000010)
    .ARM.Collect$$rtentry$$00000000          0x08000168   Section        0  __rtentry.o(.ARM.Collect$$rtentry$$00000000)
    .ARM.Collect$$rtentry$$00000002          0x08000168   Section        0  __rtentry2.o(.ARM.Collect$$rtentry$$00000002)
    .ARM.Collect$$rtentry$$00000004          0x08000168   Section        6  __rtentry4.o(.ARM.Collect$$rtentry$$00000004)
    .ARM.Collect$$rtentry$$00000009          0x0800016e   Section        0  __rtentry2.o(.ARM.Collect$$rtentry$$00000009)
    .ARM.Collect$$rtentry$$0000000A          0x0800016e   Section        4  __rtentry2.o(.ARM.Collect$$rtentry$$0000000A)
    .ARM.Collect$$rtentry$$0000000C          0x08000172   Section        0  __rtentry2.o(.ARM.Collect$$rtentry$$0000000C)
    .ARM.Collect$$rtentry$$0000000D          0x08000172   Section        8  __rtentry2.o(.ARM.Collect$$rtentry$$0000000D)
    .ARM.Collect$$rtexit$$00000000           0x0800017a   Section        2  rtexit.o(.ARM.Collect$$rtexit$$00000000)
    .ARM.Collect$$rtexit$$00000002           0x0800017c   Section        0  rtexit2.o(.ARM.Collect$$rtexit$$00000002)
    .ARM.Collect$$rtexit$$00000003           0x0800017c   Section        4  rtexit2.o(.ARM.Collect$$rtexit$$00000003)
    .ARM.Collect$$rtexit$$00000004           0x08000180   Section        6  rtexit2.o(.ARM.Collect$$rtexit$$00000004)
    .text                                    0x08000188   Section       64  startup_stm32f10x_md.o(.text)
    .text                                    0x080001c8   Section        0  heapauxi.o(.text)
    .text                                    0x080001ce   Section       74  sys_stackheap_outer.o(.text)
    .text                                    0x08000218   Section        0  exit.o(.text)
    .text                                    0x0800022c   Section        8  libspace.o(.text)
    .text                                    0x08000234   Section        0  sys_exit.o(.text)
    .text                                    0x08000240   Section        2  use_no_semi.o(.text)
    .text                                    0x08000242   Section        0  indicate_semi.o(.text)
    i.ADC_Cmd                                0x08000242   Section        0  stm32f10x_adc.o(i.ADC_Cmd)
    i.ADC_Configuration1                     0x08000258   Section        0  adc_1.o(i.ADC_Configuration1)
    i.ADC_ExternalTrigInjectedConvCmd        0x0800033c   Section        0  stm32f10x_adc.o(i.ADC_ExternalTrigInjectedConvCmd)
    i.ADC_ExternalTrigInjectedConvConfig     0x08000352   Section        0  stm32f10x_adc.o(i.ADC_ExternalTrigInjectedConvConfig)
    i.ADC_GetCalibrationStatus               0x08000362   Section        0  stm32f10x_adc.o(i.ADC_GetCalibrationStatus)
    i.ADC_GetResetCalibrationStatus          0x08000376   Section        0  stm32f10x_adc.o(i.ADC_GetResetCalibrationStatus)
    i.ADC_Init                               0x0800038c   Section        0  stm32f10x_adc.o(i.ADC_Init)
    i.ADC_InjectedChannelConfig              0x080003dc   Section        0  stm32f10x_adc.o(i.ADC_InjectedChannelConfig)
    i.ADC_InjectedSequencerLengthConfig      0x0800045e   Section        0  stm32f10x_adc.o(i.ADC_InjectedSequencerLengthConfig)
    i.ADC_ResetCalibration                   0x08000476   Section        0  stm32f10x_adc.o(i.ADC_ResetCalibration)
    i.ADC_StartCalibration                   0x08000480   Section        0  stm32f10x_adc.o(i.ADC_StartCalibration)
    i.Caculate_Current                       0x0800048a   Section        0  adc_1.o(i.Caculate_Current)
    i.Caculate_CurrentZero                   0x080004a0   Section        0  adc_1.o(i.Caculate_CurrentZero)
    i.Caculate_Tem                           0x080004c4   Section        0  adc_1.o(i.Caculate_Tem)
    i.Caculate_Vbus10Times                   0x080004d8   Section        0  adc_1.o(i.Caculate_Vbus10Times)
    i.CalculateDistance                      0x080004e4   Section        0  motorcontrol_1.o(i.CalculateDistance)
    i.CalibrationPosition                    0x08000808   Section        0  motorcontrol_1.o(i.CalibrationPosition)
    i.CheckCmdData                           0x080009d4   Section        0  5182_1.o(i.CheckCmdData)
    i.CheckFault                             0x08000a1c   Section        0  motorcontrol_1.o(i.CheckFault)
    i.DriveCalibration                       0x08001000   Section        0  motorcontrol_1.o(i.DriveCalibration)
    i.EXTI9_5_IRQHandler                     0x080011a4   Section        0  stm32f10x_it.o(i.EXTI9_5_IRQHandler)
    i.EXTI_ClearITPendingBit                 0x080012e4   Section        0  stm32f10x_exti.o(i.EXTI_ClearITPendingBit)
    i.EXTI_GetITStatus                       0x080012f0   Section        0  stm32f10x_exti.o(i.EXTI_GetITStatus)
    i.EXTI_Init                              0x08001318   Section        0  stm32f10x_exti.o(i.EXTI_Init)
    i.Error_Acknowledge                      0x080013ac   Section        0  motorcontrol_1.o(i.Error_Acknowledge)
    i.FLASH_ErasePage                        0x080013e0   Section        0  stm32f10x_flash.o(i.FLASH_ErasePage)
    i.FLASH_GetBank1Status                   0x0800142c   Section        0  stm32f10x_flash.o(i.FLASH_GetBank1Status)
    i.FLASH_Lock                             0x08001460   Section        0  stm32f10x_flash.o(i.FLASH_Lock)
    i.FLASH_PrefetchBufferCmd                0x08001474   Section        0  stm32f10x_flash.o(i.FLASH_PrefetchBufferCmd)
    i.FLASH_ProgramHalfWord                  0x08001490   Section        0  stm32f10x_flash.o(i.FLASH_ProgramHalfWord)
    i.FLASH_Unlock                           0x080014d0   Section        0  stm32f10x_flash.o(i.FLASH_Unlock)
    i.FLASH_WaitForLastOperation             0x080014e8   Section        0  stm32f10x_flash.o(i.FLASH_WaitForLastOperation)
    i.GPIO_EXTILineConfig                    0x08001510   Section        0  stm32f10x_gpio.o(i.GPIO_EXTILineConfig)
    i.GPIO_Init                              0x08001550   Section        0  stm32f10x_gpio.o(i.GPIO_Init)
    i.GPIO_PinRemapConfig                    0x08001668   Section        0  stm32f10x_gpio.o(i.GPIO_PinRemapConfig)
    i.GPIO_ReadInputData                     0x080016f8   Section        0  stm32f10x_gpio.o(i.GPIO_ReadInputData)
    i.GPIO_ReadInputDataBit                  0x08001700   Section        0  stm32f10x_gpio.o(i.GPIO_ReadInputDataBit)
    i.GPIO_ResetBits                         0x08001712   Section        0  stm32f10x_gpio.o(i.GPIO_ResetBits)
    i.GPIO_SetBits                           0x08001716   Section        0  stm32f10x_gpio.o(i.GPIO_SetBits)
    i.GateDriverConf                         0x0800171c   Section        0  drv8301_1.o(i.GateDriverConf)
    i.Hall_Init                              0x080017c4   Section        0  hall_1.o(i.Hall_Init)
    i.Hall_SW                                0x08001844   Section        0  hall_1.o(i.Hall_SW)
    i.HandleCommand                          0x08001990   Section        0  5182_1.o(i.HandleCommand)
    i.IWDG_Enable                            0x08001a58   Section        0  stm32f10x_iwdg.o(i.IWDG_Enable)
    i.IWDG_Init                              0x08001a68   Section        0  iwdg_1.o(i.IWDG_Init)
    i.IWDG_ReloadCounter                     0x08001a8c   Section        0  stm32f10x_iwdg.o(i.IWDG_ReloadCounter)
    i.IWDG_SetPrescaler                      0x08001a9c   Section        0  stm32f10x_iwdg.o(i.IWDG_SetPrescaler)
    i.IWDG_SetReload                         0x08001aa8   Section        0  stm32f10x_iwdg.o(i.IWDG_SetReload)
    i.IWDG_WriteAccessCmd                    0x08001ab4   Section        0  stm32f10x_iwdg.o(i.IWDG_WriteAccessCmd)
    i.MY_GPIO_Init                           0x08001ac0   Section        0  gpio_1.o(i.MY_GPIO_Init)
    i.MotorPrepareCmd                        0x08001c00   Section        0  5182_1.o(i.MotorPrepareCmd)
    i.Motor_CheckSum                         0x08001c28   Section        0  5182_1.o(i.Motor_CheckSum)
    Motor_CheckSum                           0x08001c29   Thumb Code    26  5182_1.o(i.Motor_CheckSum)
    i.Motor_speed_calulate                   0x08001c44   Section        0  motorcontrol_1.o(i.Motor_speed_calulate)
    i.NVIC_Init                              0x08001c98   Section        0  misc.o(i.NVIC_Init)
    i.NVIC_PriorityGroupConfig               0x08001d08   Section        0  misc.o(i.NVIC_PriorityGroupConfig)
    i.NVIC_SetVectorTable                    0x08001d1c   Section        0  misc.o(i.NVIC_SetVectorTable)
    i.PID_Speed                              0x08001d30   Section        0  motorcontrol_1.o(i.PID_Speed)
    i.QueryLeftRight                         0x08001e04   Section        0  motorcontrol_1.o(i.QueryLeftRight)
    i.QueryVoltage                           0x08001e60   Section        0  motorcontrol_1.o(i.QueryVoltage)
    i.RCC_APB1PeriphClockCmd                 0x08001eb0   Section        0  stm32f10x_rcc.o(i.RCC_APB1PeriphClockCmd)
    i.RCC_APB1PeriphResetCmd                 0x08001ed0   Section        0  stm32f10x_rcc.o(i.RCC_APB1PeriphResetCmd)
    i.RCC_APB2PeriphClockCmd                 0x08001ef0   Section        0  stm32f10x_rcc.o(i.RCC_APB2PeriphClockCmd)
    i.RCC_APB2PeriphResetCmd                 0x08001f10   Section        0  stm32f10x_rcc.o(i.RCC_APB2PeriphResetCmd)
    i.RCC_Configuration                      0x08001f30   Section        0  timer_1.o(i.RCC_Configuration)
    i.RCC_DeInit                             0x08001fdc   Section        0  stm32f10x_rcc.o(i.RCC_DeInit)
    i.RCC_GetFlagStatus                      0x08002028   Section        0  stm32f10x_rcc.o(i.RCC_GetFlagStatus)
    i.RCC_HSICmd                             0x08002064   Section        0  stm32f10x_rcc.o(i.RCC_HSICmd)
    i.RCC_PLLCmd                             0x08002070   Section        0  stm32f10x_rcc.o(i.RCC_PLLCmd)
    i.RxCommand                              0x0800207c   Section        0  5182_1.o(i.RxCommand)
    i.SPI1_Init                              0x080021ac   Section        0  spi_1.o(i.SPI1_Init)
    i.SPI5182_HandleTxd                      0x08002264   Section        0  5182_1.o(i.SPI5182_HandleTxd)
    i.SPI5182_PutChar                        0x08002304   Section        0  5182_1.o(i.SPI5182_PutChar)
    i.SPI5182_QueryChar                      0x08002344   Section        0  5182_1.o(i.SPI5182_QueryChar)
    i.SPI5182_ReadTxBuf                      0x08002384   Section        0  5182_1.o(i.SPI5182_ReadTxBuf)
    i.SPI5182_WriteRxBuf                     0x080023b4   Section        0  5182_1.o(i.SPI5182_WriteRxBuf)
    i.SPI_Cmd                                0x080023f0   Section        0  stm32f10x_spi.o(i.SPI_Cmd)
    i.SPI_I2S_GetFlagStatus                  0x08002408   Section        0  stm32f10x_spi.o(i.SPI_I2S_GetFlagStatus)
    i.SPI_I2S_ReceiveData                    0x0800241a   Section        0  stm32f10x_spi.o(i.SPI_I2S_ReceiveData)
    i.SPI_I2S_SendData                       0x08002420   Section        0  stm32f10x_spi.o(i.SPI_I2S_SendData)
    i.SPI_Init                               0x08002424   Section        0  stm32f10x_spi.o(i.SPI_Init)
    i.STMFLASH_Read                          0x08002460   Section        0  flash_1.o(i.STMFLASH_Read)
    i.STMFLASH_ReadHalfWord                  0x08002482   Section        0  flash_1.o(i.STMFLASH_ReadHalfWord)
    i.STMFLASH_Write                         0x08002488   Section        0  flash_1.o(i.STMFLASH_Write)
    i.STMFLASH_Write_NoCheck                 0x080024e8   Section        0  flash_1.o(i.STMFLASH_Write_NoCheck)
    i.SetSysClock                            0x0800250e   Section        0  system_stm32f10x.o(i.SetSysClock)
    SetSysClock                              0x0800250f   Thumb Code     8  system_stm32f10x.o(i.SetSysClock)
    i.SetSysClockTo72                        0x08002518   Section        0  system_stm32f10x.o(i.SetSysClockTo72)
    SetSysClockTo72                          0x08002519   Thumb Code   214  system_stm32f10x.o(i.SetSysClockTo72)
    i.SpeedParaInit                          0x080025f8   Section        0  motorcontrol_1.o(i.SpeedParaInit)
    i.SpeedSum                               0x08002618   Section        0  motorcontrol_1.o(i.SpeedSum)
    i.SpeedSumInit                           0x08002648   Section        0  motorcontrol_1.o(i.SpeedSumInit)
    i.SysTick_CLKSourceConfig                0x08002680   Section        0  misc.o(i.SysTick_CLKSourceConfig)
    i.SystemInit                             0x080026a8   Section        0  system_stm32f10x.o(i.SystemInit)
    i.TIM1_Configuration1                    0x08002708   Section        0  timer_1.o(i.TIM1_Configuration1)
    i.TIM1_UP_IRQHandler                     0x08002838   Section        0  stm32f10x_it.o(i.TIM1_UP_IRQHandler)
    i.TIM2_IRQHandler                        0x08002b28   Section        0  stm32f10x_it.o(i.TIM2_IRQHandler)
    i.TIM2_Int_Init                          0x08002b48   Section        0  timer_1.o(i.TIM2_Int_Init)
    i.TIM_ARRPreloadConfig                   0x08002ba4   Section        0  stm32f10x_tim.o(i.TIM_ARRPreloadConfig)
    i.TIM_ClearFlag                          0x08002bbc   Section        0  stm32f10x_tim.o(i.TIM_ClearFlag)
    i.TIM_ClearITPendingBit                  0x08002bc2   Section        0  stm32f10x_tim.o(i.TIM_ClearITPendingBit)
    i.TIM_Cmd                                0x08002bc8   Section        0  stm32f10x_tim.o(i.TIM_Cmd)
    i.TIM_CtrlPWMOutputs                     0x08002be0   Section        0  stm32f10x_tim.o(i.TIM_CtrlPWMOutputs)
    i.TIM_DeInit                             0x08002c00   Section        0  stm32f10x_tim.o(i.TIM_DeInit)
    i.TIM_GetITStatus                        0x08002de8   Section        0  stm32f10x_tim.o(i.TIM_GetITStatus)
    i.TIM_ITConfig                           0x08002e0a   Section        0  stm32f10x_tim.o(i.TIM_ITConfig)
    i.TIM_OC1Init                            0x08002e1c   Section        0  stm32f10x_tim.o(i.TIM_OC1Init)
    i.TIM_OC1PreloadConfig                   0x08002eb4   Section        0  stm32f10x_tim.o(i.TIM_OC1PreloadConfig)
    i.TIM_OC2Init                            0x08002ec8   Section        0  stm32f10x_tim.o(i.TIM_OC2Init)
    i.TIM_OC2PreloadConfig                   0x08002f6c   Section        0  stm32f10x_tim.o(i.TIM_OC2PreloadConfig)
    i.TIM_OC3Init                            0x08002f88   Section        0  stm32f10x_tim.o(i.TIM_OC3Init)
    i.TIM_OC3PreloadConfig                   0x08003028   Section        0  stm32f10x_tim.o(i.TIM_OC3PreloadConfig)
    i.TIM_OCStructInit                       0x0800303a   Section        0  stm32f10x_tim.o(i.TIM_OCStructInit)
    i.TIM_TimeBaseInit                       0x08003050   Section        0  stm32f10x_tim.o(i.TIM_TimeBaseInit)
    i.TIM_TimeBaseStructInit                 0x080030f4   Section        0  stm32f10x_tim.o(i.TIM_TimeBaseStructInit)
    i.TxCommand                              0x08003108   Section        0  5182_1.o(i.TxCommand)
    i.USART2_IRQHandler                      0x080032c4   Section        0  uart_1.o(i.USART2_IRQHandler)
    i.UtilBiSearchInt                        0x080032c6   Section        0  adc_1.o(i.UtilBiSearchInt)
    i.current_loop                           0x08003304   Section        0  protect.o(i.current_loop)
    i.current_protect                        0x08003330   Section        0  protect.o(i.current_protect)
    i.delay_init                             0x08003374   Section        0  delay_1.o(i.delay_init)
    i.delay_ms                               0x080033b0   Section        0  delay_1.o(i.delay_ms)
    i.delay_us                               0x080033fc   Section        0  delay_1.o(i.delay_us)
    i.initsysblock                           0x08003448   Section        0  system.o(i.initsysblock)
    i.main                                   0x080034c0   Section        0  main.o(i.main)
    i.motor_stop                             0x08003648   Section        0  protect.o(i.motor_stop)
    i.power_loop                             0x08003680   Section        0  protect.o(i.power_loop)
    i.voltage_protect                        0x080036a8   Section        0  protect.o(i.voltage_protect)
    .constdata                               0x080036f8   Section      504  adc_1.o(.constdata)
    .constdata                               0x080038f0   Section       18  drv8301_1.o(.constdata)
    .constdata                               0x08003902   Section       16  motorcontrol_1.o(.constdata)
    .data                                    0x20000000   Section       28  main.o(.data)
    .data                                    0x2000001c   Section       17  stm32f10x_it.o(.data)
    ucHallLast                               0x2000002c   Data           1  stm32f10x_it.o(.data)
    .data                                    0x2000002e   Section       31  5182_1.o(.data)
    .data                                    0x2000004e   Section        4  delay_1.o(.data)
    fac_us                                   0x2000004e   Data           1  delay_1.o(.data)
    fac_ms                                   0x20000050   Data           2  delay_1.o(.data)
    .data                                    0x20000052   Section        3  hall_1.o(.data)
    .data                                    0x20000058   Section      147  motorcontrol_1.o(.data)
    UnderVoltageCnt                          0x200000e8   Data           1  motorcontrol_1.o(.data)
    OverVoltageCnt                           0x200000e9   Data           1  motorcontrol_1.o(.data)
    UnderVoltageWarnCnt                      0x200000ea   Data           1  motorcontrol_1.o(.data)
    .data                                    0x200000eb   Section        3  protect.o(.data)
    voltageprotimes                          0x200000eb   Data           1  protect.o(.data)
    currentprotimes                          0x200000ec   Data           1  protect.o(.data)
    temperatureprotimes                      0x200000ed   Data           1  protect.o(.data)
    .bss                                     0x200000f0   Section       16  5182_1.o(.bss)
    .bss                                     0x20000100   Section     1024  flash_1.o(.bss)
    .bss                                     0x20000500   Section      436  motorcontrol_1.o(.bss)
    .bss                                     0x200006b4   Section       96  libspace.o(.bss)
    HEAP                                     0x20000718   Section      512  startup_stm32f10x_md.o(HEAP)
    Heap_Mem                                 0x20000718   Data         512  startup_stm32f10x_md.o(HEAP)
    STACK                                    0x20000918   Section     1024  startup_stm32f10x_md.o(STACK)
    Stack_Mem                                0x20000918   Data        1024  startup_stm32f10x_md.o(STACK)
    __initial_sp                             0x20000d18   Data           0  startup_stm32f10x_md.o(STACK)

    Global Symbols

    Symbol Name                              Value     Ov Type        Size  Object(Section)

    BuildAttributes$$THM_ISAv4$P$D$K$B$S$PE$A:L22UL41UL21$X:L11$S22US41US21$IEEE1$IW$USESV6$~STKCKD$USESV7$~SHL$OSPACE$ROPI$EBA8$UX$STANDARDLIB$REQ8$PRES8$EABIv2 0x00000000   Number         0  anon$$obj.o ABSOLUTE
    __ARM_use_no_argv                        0x00000000   Number         0  main.o ABSOLUTE
    __ARM_exceptions_init                     - Undefined Weak Reference
    __alloca_initialize                       - Undefined Weak Reference
    __arm_preinit_                            - Undefined Weak Reference
    __cpp_initialize__aeabi_                  - Undefined Weak Reference
    __cxa_finalize                            - Undefined Weak Reference
    __rt_locale                               - Undefined Weak Reference
    __sigvec_lookup                           - Undefined Weak Reference
    _atexit_init                              - Undefined Weak Reference
    _call_atexit_fns                          - Undefined Weak Reference
    _clock_init                               - Undefined Weak Reference
    _fp_trap_init                             - Undefined Weak Reference
    _fp_trap_shutdown                         - Undefined Weak Reference
    _get_lc_collate                           - Undefined Weak Reference
    _get_lc_ctype                             - Undefined Weak Reference
    _get_lc_monetary                          - Undefined Weak Reference
    _get_lc_numeric                           - Undefined Weak Reference
    _get_lc_time                              - Undefined Weak Reference
    _getenv_init                              - Undefined Weak Reference
    _handle_redirection                       - Undefined Weak Reference
    _init_alloc                               - Undefined Weak Reference
    _init_user_alloc                          - Undefined Weak Reference
    _initio                                   - Undefined Weak Reference
    _rand_init                                - Undefined Weak Reference
    _signal_finish                            - Undefined Weak Reference
    _signal_init                              - Undefined Weak Reference
    _terminate_alloc                          - Undefined Weak Reference
    _terminate_user_alloc                     - Undefined Weak Reference
    _terminateio                              - Undefined Weak Reference
    __Vectors_Size                           0x000000ec   Number         0  startup_stm32f10x_md.o ABSOLUTE
    __Vectors                                0x08000000   Data           4  startup_stm32f10x_md.o(RESET)
    __Vectors_End                            0x080000ec   Data           0  startup_stm32f10x_md.o(RESET)
    __main                                   0x080000ed   Thumb Code     8  __main.o(!!!main)
    __scatterload                            0x080000f5   Thumb Code     0  __scatter.o(!!!scatter)
    __scatterload_rt2                        0x080000f5   Thumb Code    44  __scatter.o(!!!scatter)
    __scatterload_rt2_thumb_only             0x080000f5   Thumb Code     0  __scatter.o(!!!scatter)
    __scatterload_null                       0x08000103   Thumb Code     0  __scatter.o(!!!scatter)
    __scatterload_copy                       0x08000129   Thumb Code    26  __scatter_copy.o(!!handler_copy)
    __scatterload_zeroinit                   0x08000145   Thumb Code    28  __scatter_zi.o(!!handler_zi)
    __rt_lib_init                            0x08000161   Thumb Code     0  libinit.o(.ARM.Collect$$libinit$$00000000)
    __rt_lib_init_alloca_1                   0x08000163   Thumb Code     0  libinit2.o(.ARM.Collect$$libinit$$0000002E)
    __rt_lib_init_argv_1                     0x08000163   Thumb Code     0  libinit2.o(.ARM.Collect$$libinit$$0000002C)
    __rt_lib_init_atexit_1                   0x08000163   Thumb Code     0  libinit2.o(.ARM.Collect$$libinit$$0000001B)
    __rt_lib_init_clock_1                    0x08000163   Thumb Code     0  libinit2.o(.ARM.Collect$$libinit$$00000021)
    __rt_lib_init_cpp_1                      0x08000163   Thumb Code     0  libinit2.o(.ARM.Collect$$libinit$$00000032)
    __rt_lib_init_exceptions_1               0x08000163   Thumb Code     0  libinit2.o(.ARM.Collect$$libinit$$00000030)
    __rt_lib_init_fp_1                       0x08000163   Thumb Code     0  libinit2.o(.ARM.Collect$$libinit$$00000002)
    __rt_lib_init_fp_trap_1                  0x08000163   Thumb Code     0  libinit2.o(.ARM.Collect$$libinit$$0000001F)
    __rt_lib_init_getenv_1                   0x08000163   Thumb Code     0  libinit2.o(.ARM.Collect$$libinit$$00000023)
    __rt_lib_init_heap_1                     0x08000163   Thumb Code     0  libinit2.o(.ARM.Collect$$libinit$$0000000A)
    __rt_lib_init_lc_collate_1               0x08000163   Thumb Code     0  libinit2.o(.ARM.Collect$$libinit$$00000011)
    __rt_lib_init_lc_ctype_1                 0x08000163   Thumb Code     0  libinit2.o(.ARM.Collect$$libinit$$00000013)
    __rt_lib_init_lc_monetary_1              0x08000163   Thumb Code     0  libinit2.o(.ARM.Collect$$libinit$$00000015)
    __rt_lib_init_lc_numeric_1               0x08000163   Thumb Code     0  libinit2.o(.ARM.Collect$$libinit$$00000017)
    __rt_lib_init_lc_time_1                  0x08000163   Thumb Code     0  libinit2.o(.ARM.Collect$$libinit$$00000019)
    __rt_lib_init_preinit_1                  0x08000163   Thumb Code     0  libinit2.o(.ARM.Collect$$libinit$$00000004)
    __rt_lib_init_rand_1                     0x08000163   Thumb Code     0  libinit2.o(.ARM.Collect$$libinit$$0000000E)
    __rt_lib_init_return                     0x08000163   Thumb Code     0  libinit2.o(.ARM.Collect$$libinit$$00000033)
    __rt_lib_init_signal_1                   0x08000163   Thumb Code     0  libinit2.o(.ARM.Collect$$libinit$$0000001D)
    __rt_lib_init_stdio_1                    0x08000163   Thumb Code     0  libinit2.o(.ARM.Collect$$libinit$$00000025)
    __rt_lib_init_user_alloc_1               0x08000163   Thumb Code     0  libinit2.o(.ARM.Collect$$libinit$$0000000C)
    __rt_lib_shutdown                        0x08000165   Thumb Code     0  libshutdown.o(.ARM.Collect$$libshutdown$$00000000)
    __rt_lib_shutdown_cpp_1                  0x08000167   Thumb Code     0  libshutdown2.o(.ARM.Collect$$libshutdown$$00000002)
    __rt_lib_shutdown_fp_trap_1              0x08000167   Thumb Code     0  libshutdown2.o(.ARM.Collect$$libshutdown$$00000007)
    __rt_lib_shutdown_heap_1                 0x08000167   Thumb Code     0  libshutdown2.o(.ARM.Collect$$libshutdown$$0000000F)
    __rt_lib_shutdown_return                 0x08000167   Thumb Code     0  libshutdown2.o(.ARM.Collect$$libshutdown$$00000010)
    __rt_lib_shutdown_signal_1               0x08000167   Thumb Code     0  libshutdown2.o(.ARM.Collect$$libshutdown$$0000000A)
    __rt_lib_shutdown_stdio_1                0x08000167   Thumb Code     0  libshutdown2.o(.ARM.Collect$$libshutdown$$00000004)
    __rt_lib_shutdown_user_alloc_1           0x08000167   Thumb Code     0  libshutdown2.o(.ARM.Collect$$libshutdown$$0000000C)
    __rt_entry                               0x08000169   Thumb Code     0  __rtentry.o(.ARM.Collect$$rtentry$$00000000)
    __rt_entry_presh_1                       0x08000169   Thumb Code     0  __rtentry2.o(.ARM.Collect$$rtentry$$00000002)
    __rt_entry_sh                            0x08000169   Thumb Code     0  __rtentry4.o(.ARM.Collect$$rtentry$$00000004)
    __rt_entry_li                            0x0800016f   Thumb Code     0  __rtentry2.o(.ARM.Collect$$rtentry$$0000000A)
    __rt_entry_postsh_1                      0x0800016f   Thumb Code     0  __rtentry2.o(.ARM.Collect$$rtentry$$00000009)
    __rt_entry_main                          0x08000173   Thumb Code     0  __rtentry2.o(.ARM.Collect$$rtentry$$0000000D)
    __rt_entry_postli_1                      0x08000173   Thumb Code     0  __rtentry2.o(.ARM.Collect$$rtentry$$0000000C)
    __rt_exit                                0x0800017b   Thumb Code     0  rtexit.o(.ARM.Collect$$rtexit$$00000000)
    __rt_exit_ls                             0x0800017d   Thumb Code     0  rtexit2.o(.ARM.Collect$$rtexit$$00000003)
    __rt_exit_prels_1                        0x0800017d   Thumb Code     0  rtexit2.o(.ARM.Collect$$rtexit$$00000002)
    __rt_exit_exit                           0x08000181   Thumb Code     0  rtexit2.o(.ARM.Collect$$rtexit$$00000004)
    Reset_Handler                            0x08000189   Thumb Code     8  startup_stm32f10x_md.o(.text)
    NMI_Handler                              0x08000191   Thumb Code     2  startup_stm32f10x_md.o(.text)
    HardFault_Handler                        0x08000193   Thumb Code     2  startup_stm32f10x_md.o(.text)
    MemManage_Handler                        0x08000195   Thumb Code     2  startup_stm32f10x_md.o(.text)
    BusFault_Handler                         0x08000197   Thumb Code     2  startup_stm32f10x_md.o(.text)
    UsageFault_Handler                       0x08000199   Thumb Code     2  startup_stm32f10x_md.o(.text)
    SVC_Handler                              0x0800019b   Thumb Code     2  startup_stm32f10x_md.o(.text)
    DebugMon_Handler                         0x0800019d   Thumb Code     2  startup_stm32f10x_md.o(.text)
    PendSV_Handler                           0x0800019f   Thumb Code     2  startup_stm32f10x_md.o(.text)
    SysTick_Handler                          0x080001a1   Thumb Code     2  startup_stm32f10x_md.o(.text)
    ADC1_2_IRQHandler                        0x080001a3   Thumb Code     0  startup_stm32f10x_md.o(.text)
    CAN1_RX1_IRQHandler                      0x080001a3   Thumb Code     0  startup_stm32f10x_md.o(.text)
    CAN1_SCE_IRQHandler                      0x080001a3   Thumb Code     0  startup_stm32f10x_md.o(.text)
    DMA1_Channel1_IRQHandler                 0x080001a3   Thumb Code     0  startup_stm32f10x_md.o(.text)
    DMA1_Channel2_IRQHandler                 0x080001a3   Thumb Code     0  startup_stm32f10x_md.o(.text)
    DMA1_Channel3_IRQHandler                 0x080001a3   Thumb Code     0  startup_stm32f10x_md.o(.text)
    DMA1_Channel4_IRQHandler                 0x080001a3   Thumb Code     0  startup_stm32f10x_md.o(.text)
    DMA1_Channel5_IRQHandler                 0x080001a3   Thumb Code     0  startup_stm32f10x_md.o(.text)
    DMA1_Channel6_IRQHandler                 0x080001a3   Thumb Code     0  startup_stm32f10x_md.o(.text)
    DMA1_Channel7_IRQHandler                 0x080001a3   Thumb Code     0  startup_stm32f10x_md.o(.text)
    EXTI0_IRQHandler                         0x080001a3   Thumb Code     0  startup_stm32f10x_md.o(.text)
    EXTI15_10_IRQHandler                     0x080001a3   Thumb Code     0  startup_stm32f10x_md.o(.text)
    EXTI1_IRQHandler                         0x080001a3   Thumb Code     0  startup_stm32f10x_md.o(.text)
    EXTI2_IRQHandler                         0x080001a3   Thumb Code     0  startup_stm32f10x_md.o(.text)
    EXTI3_IRQHandler                         0x080001a3   Thumb Code     0  startup_stm32f10x_md.o(.text)
    EXTI4_IRQHandler                         0x080001a3   Thumb Code     0  startup_stm32f10x_md.o(.text)
    FLASH_IRQHandler                         0x080001a3   Thumb Code     0  startup_stm32f10x_md.o(.text)
    I2C1_ER_IRQHandler                       0x080001a3   Thumb Code     0  startup_stm32f10x_md.o(.text)
    I2C1_EV_IRQHandler                       0x080001a3   Thumb Code     0  startup_stm32f10x_md.o(.text)
    I2C2_ER_IRQHandler                       0x080001a3   Thumb Code     0  startup_stm32f10x_md.o(.text)
    I2C2_EV_IRQHandler                       0x080001a3   Thumb Code     0  startup_stm32f10x_md.o(.text)
    PVD_IRQHandler                           0x080001a3   Thumb Code     0  startup_stm32f10x_md.o(.text)
    RCC_IRQHandler                           0x080001a3   Thumb Code     0  startup_stm32f10x_md.o(.text)
    RTCAlarm_IRQHandler                      0x080001a3   Thumb Code     0  startup_stm32f10x_md.o(.text)
    RTC_IRQHandler                           0x080001a3   Thumb Code     0  startup_stm32f10x_md.o(.text)
    SPI1_IRQHandler                          0x080001a3   Thumb Code     0  startup_stm32f10x_md.o(.text)
    SPI2_IRQHandler                          0x080001a3   Thumb Code     0  startup_stm32f10x_md.o(.text)
    TAMPER_IRQHandler                        0x080001a3   Thumb Code     0  startup_stm32f10x_md.o(.text)
    TIM1_BRK_IRQHandler                      0x080001a3   Thumb Code     0  startup_stm32f10x_md.o(.text)
    TIM1_CC_IRQHandler                       0x080001a3   Thumb Code     0  startup_stm32f10x_md.o(.text)
    TIM1_TRG_COM_IRQHandler                  0x080001a3   Thumb Code     0  startup_stm32f10x_md.o(.text)
    TIM3_IRQHandler                          0x080001a3   Thumb Code     0  startup_stm32f10x_md.o(.text)
    TIM4_IRQHandler                          0x080001a3   Thumb Code     0  startup_stm32f10x_md.o(.text)
    USART1_IRQHandler                        0x080001a3   Thumb Code     0  startup_stm32f10x_md.o(.text)
    USART3_IRQHandler                        0x080001a3   Thumb Code     0  startup_stm32f10x_md.o(.text)
    USBWakeUp_IRQHandler                     0x080001a3   Thumb Code     0  startup_stm32f10x_md.o(.text)
    USB_HP_CAN1_TX_IRQHandler                0x080001a3   Thumb Code     0  startup_stm32f10x_md.o(.text)
    USB_LP_CAN1_RX0_IRQHandler               0x080001a3   Thumb Code     0  startup_stm32f10x_md.o(.text)
    WWDG_IRQHandler                          0x080001a3   Thumb Code     0  startup_stm32f10x_md.o(.text)
    __user_initial_stackheap                 0x080001a5   Thumb Code     0  startup_stm32f10x_md.o(.text)
    __use_two_region_memory                  0x080001c9   Thumb Code     2  heapauxi.o(.text)
    __rt_heap_escrow$2region                 0x080001cb   Thumb Code     2  heapauxi.o(.text)
    __rt_heap_expand$2region                 0x080001cd   Thumb Code     2  heapauxi.o(.text)
    __user_setup_stackheap                   0x080001cf   Thumb Code    74  sys_stackheap_outer.o(.text)
    exit                                     0x08000219   Thumb Code    18  exit.o(.text)
    __user_libspace                          0x0800022d   Thumb Code     8  libspace.o(.text)
    __user_perproc_libspace                  0x0800022d   Thumb Code     0  libspace.o(.text)
    __user_perthread_libspace                0x0800022d   Thumb Code     0  libspace.o(.text)
    _sys_exit                                0x08000235   Thumb Code     8  sys_exit.o(.text)
    __I$use$semihosting                      0x08000241   Thumb Code     0  use_no_semi.o(.text)
    __use_no_semihosting_swi                 0x08000241   Thumb Code     2  use_no_semi.o(.text)
    ADC_Cmd                                  0x08000243   Thumb Code    22  stm32f10x_adc.o(i.ADC_Cmd)
    __semihosting_library_function           0x08000243   Thumb Code     0  indicate_semi.o(.text)
    ADC_Configuration1                       0x08000259   Thumb Code   214  adc_1.o(i.ADC_Configuration1)
    ADC_ExternalTrigInjectedConvCmd          0x0800033d   Thumb Code    22  stm32f10x_adc.o(i.ADC_ExternalTrigInjectedConvCmd)
    ADC_ExternalTrigInjectedConvConfig       0x08000353   Thumb Code    16  stm32f10x_adc.o(i.ADC_ExternalTrigInjectedConvConfig)
    ADC_GetCalibrationStatus                 0x08000363   Thumb Code    20  stm32f10x_adc.o(i.ADC_GetCalibrationStatus)
    ADC_GetResetCalibrationStatus            0x08000377   Thumb Code    20  stm32f10x_adc.o(i.ADC_GetResetCalibrationStatus)
    ADC_Init                                 0x0800038d   Thumb Code    70  stm32f10x_adc.o(i.ADC_Init)
    ADC_InjectedChannelConfig                0x080003dd   Thumb Code   130  stm32f10x_adc.o(i.ADC_InjectedChannelConfig)
    ADC_InjectedSequencerLengthConfig        0x0800045f   Thumb Code    24  stm32f10x_adc.o(i.ADC_InjectedSequencerLengthConfig)
    ADC_ResetCalibration                     0x08000477   Thumb Code    10  stm32f10x_adc.o(i.ADC_ResetCalibration)
    ADC_StartCalibration                     0x08000481   Thumb Code    10  stm32f10x_adc.o(i.ADC_StartCalibration)
    Caculate_Current                         0x0800048b   Thumb Code    20  adc_1.o(i.Caculate_Current)
    Caculate_CurrentZero                     0x080004a1   Thumb Code    32  adc_1.o(i.Caculate_CurrentZero)
    Caculate_Tem                             0x080004c5   Thumb Code    16  adc_1.o(i.Caculate_Tem)
    Caculate_Vbus10Times                     0x080004d9   Thumb Code    12  adc_1.o(i.Caculate_Vbus10Times)
    CalculateDistance                        0x080004e5   Thumb Code   686  motorcontrol_1.o(i.CalculateDistance)
    CalibrationPosition                      0x08000809   Thumb Code   376  motorcontrol_1.o(i.CalibrationPosition)
    CheckCmdData                             0x080009d5   Thumb Code    60  5182_1.o(i.CheckCmdData)
    CheckFault                               0x08000a1d   Thumb Code  1474  motorcontrol_1.o(i.CheckFault)
    DriveCalibration                         0x08001001   Thumb Code   362  motorcontrol_1.o(i.DriveCalibration)
    EXTI9_5_IRQHandler                       0x080011a5   Thumb Code   276  stm32f10x_it.o(i.EXTI9_5_IRQHandler)
    EXTI_ClearITPendingBit                   0x080012e5   Thumb Code     6  stm32f10x_exti.o(i.EXTI_ClearITPendingBit)
    EXTI_GetITStatus                         0x080012f1   Thumb Code    34  stm32f10x_exti.o(i.EXTI_GetITStatus)
    EXTI_Init                                0x08001319   Thumb Code   142  stm32f10x_exti.o(i.EXTI_Init)
    Error_Acknowledge                        0x080013ad   Thumb Code    28  motorcontrol_1.o(i.Error_Acknowledge)
    FLASH_ErasePage                          0x080013e1   Thumb Code    72  stm32f10x_flash.o(i.FLASH_ErasePage)
    FLASH_GetBank1Status                     0x0800142d   Thumb Code    48  stm32f10x_flash.o(i.FLASH_GetBank1Status)
    FLASH_Lock                               0x08001461   Thumb Code    14  stm32f10x_flash.o(i.FLASH_Lock)
    FLASH_PrefetchBufferCmd                  0x08001475   Thumb Code    22  stm32f10x_flash.o(i.FLASH_PrefetchBufferCmd)
    FLASH_ProgramHalfWord                    0x08001491   Thumb Code    60  stm32f10x_flash.o(i.FLASH_ProgramHalfWord)
    FLASH_Unlock                             0x080014d1   Thumb Code    12  stm32f10x_flash.o(i.FLASH_Unlock)
    FLASH_WaitForLastOperation               0x080014e9   Thumb Code    38  stm32f10x_flash.o(i.FLASH_WaitForLastOperation)
    GPIO_EXTILineConfig                      0x08001511   Thumb Code    60  stm32f10x_gpio.o(i.GPIO_EXTILineConfig)
    GPIO_Init                                0x08001551   Thumb Code   278  stm32f10x_gpio.o(i.GPIO_Init)
    GPIO_PinRemapConfig                      0x08001669   Thumb Code   138  stm32f10x_gpio.o(i.GPIO_PinRemapConfig)
    GPIO_ReadInputData                       0x080016f9   Thumb Code     8  stm32f10x_gpio.o(i.GPIO_ReadInputData)
    GPIO_ReadInputDataBit                    0x08001701   Thumb Code    18  stm32f10x_gpio.o(i.GPIO_ReadInputDataBit)
    GPIO_ResetBits                           0x08001713   Thumb Code     4  stm32f10x_gpio.o(i.GPIO_ResetBits)
    GPIO_SetBits                             0x08001717   Thumb Code     4  stm32f10x_gpio.o(i.GPIO_SetBits)
    GateDriverConf                           0x0800171d   Thumb Code   146  drv8301_1.o(i.GateDriverConf)
    Hall_Init                                0x080017c5   Thumb Code   122  hall_1.o(i.Hall_Init)
    Hall_SW                                  0x08001845   Thumb Code   306  hall_1.o(i.Hall_SW)
    HandleCommand                            0x08001991   Thumb Code   160  5182_1.o(i.HandleCommand)
    IWDG_Enable                              0x08001a59   Thumb Code    10  stm32f10x_iwdg.o(i.IWDG_Enable)
    IWDG_Init                                0x08001a69   Thumb Code    36  iwdg_1.o(i.IWDG_Init)
    IWDG_ReloadCounter                       0x08001a8d   Thumb Code    10  stm32f10x_iwdg.o(i.IWDG_ReloadCounter)
    IWDG_SetPrescaler                        0x08001a9d   Thumb Code     6  stm32f10x_iwdg.o(i.IWDG_SetPrescaler)
    IWDG_SetReload                           0x08001aa9   Thumb Code     6  stm32f10x_iwdg.o(i.IWDG_SetReload)
    IWDG_WriteAccessCmd                      0x08001ab5   Thumb Code     6  stm32f10x_iwdg.o(i.IWDG_WriteAccessCmd)
    MY_GPIO_Init                             0x08001ac1   Thumb Code   304  gpio_1.o(i.MY_GPIO_Init)
    MotorPrepareCmd                          0x08001c01   Thumb Code    34  5182_1.o(i.MotorPrepareCmd)
    Motor_speed_calulate                     0x08001c45   Thumb Code    60  motorcontrol_1.o(i.Motor_speed_calulate)
    NVIC_Init                                0x08001c99   Thumb Code   100  misc.o(i.NVIC_Init)
    NVIC_PriorityGroupConfig                 0x08001d09   Thumb Code    10  misc.o(i.NVIC_PriorityGroupConfig)
    NVIC_SetVectorTable                      0x08001d1d   Thumb Code    12  misc.o(i.NVIC_SetVectorTable)
    PID_Speed                                0x08001d31   Thumb Code   208  motorcontrol_1.o(i.PID_Speed)
    QueryLeftRight                           0x08001e05   Thumb Code    74  motorcontrol_1.o(i.QueryLeftRight)
    QueryVoltage                             0x08001e61   Thumb Code    68  motorcontrol_1.o(i.QueryVoltage)
    RCC_APB1PeriphClockCmd                   0x08001eb1   Thumb Code    26  stm32f10x_rcc.o(i.RCC_APB1PeriphClockCmd)
    RCC_APB1PeriphResetCmd                   0x08001ed1   Thumb Code    26  stm32f10x_rcc.o(i.RCC_APB1PeriphResetCmd)
    RCC_APB2PeriphClockCmd                   0x08001ef1   Thumb Code    26  stm32f10x_rcc.o(i.RCC_APB2PeriphClockCmd)
    RCC_APB2PeriphResetCmd                   0x08001f11   Thumb Code    26  stm32f10x_rcc.o(i.RCC_APB2PeriphResetCmd)
    RCC_Configuration                        0x08001f31   Thumb Code   162  timer_1.o(i.RCC_Configuration)
    RCC_DeInit                               0x08001fdd   Thumb Code    64  stm32f10x_rcc.o(i.RCC_DeInit)
    RCC_GetFlagStatus                        0x08002029   Thumb Code    56  stm32f10x_rcc.o(i.RCC_GetFlagStatus)
    RCC_HSICmd                               0x08002065   Thumb Code     6  stm32f10x_rcc.o(i.RCC_HSICmd)
    RCC_PLLCmd                               0x08002071   Thumb Code     6  stm32f10x_rcc.o(i.RCC_PLLCmd)
    RxCommand                                0x0800207d   Thumb Code   286  5182_1.o(i.RxCommand)
    SPI1_Init                                0x080021ad   Thumb Code   176  spi_1.o(i.SPI1_Init)
    SPI5182_HandleTxd                        0x08002265   Thumb Code   146  5182_1.o(i.SPI5182_HandleTxd)
    SPI5182_PutChar                          0x08002305   Thumb Code    58  5182_1.o(i.SPI5182_PutChar)
    SPI5182_QueryChar                        0x08002345   Thumb Code    60  5182_1.o(i.SPI5182_QueryChar)
    SPI5182_ReadTxBuf                        0x08002385   Thumb Code    42  5182_1.o(i.SPI5182_ReadTxBuf)
    SPI5182_WriteRxBuf                       0x080023b5   Thumb Code    54  5182_1.o(i.SPI5182_WriteRxBuf)
    SPI_Cmd                                  0x080023f1   Thumb Code    24  stm32f10x_spi.o(i.SPI_Cmd)
    SPI_I2S_GetFlagStatus                    0x08002409   Thumb Code    18  stm32f10x_spi.o(i.SPI_I2S_GetFlagStatus)
    SPI_I2S_ReceiveData                      0x0800241b   Thumb Code     6  stm32f10x_spi.o(i.SPI_I2S_ReceiveData)
    SPI_I2S_SendData                         0x08002421   Thumb Code     4  stm32f10x_spi.o(i.SPI_I2S_SendData)
    SPI_Init                                 0x08002425   Thumb Code    60  stm32f10x_spi.o(i.SPI_Init)
    STMFLASH_Read                            0x08002461   Thumb Code    34  flash_1.o(i.STMFLASH_Read)
    STMFLASH_ReadHalfWord                    0x08002483   Thumb Code     6  flash_1.o(i.STMFLASH_ReadHalfWord)
    STMFLASH_Write                           0x08002489   Thumb Code    92  flash_1.o(i.STMFLASH_Write)
    STMFLASH_Write_NoCheck                   0x080024e9   Thumb Code    38  flash_1.o(i.STMFLASH_Write_NoCheck)
    SpeedParaInit                            0x080025f9   Thumb Code    28  motorcontrol_1.o(i.SpeedParaInit)
    SpeedSum                                 0x08002619   Thumb Code    44  motorcontrol_1.o(i.SpeedSum)
    SpeedSumInit                             0x08002649   Thumb Code    48  motorcontrol_1.o(i.SpeedSumInit)
    SysTick_CLKSourceConfig                  0x08002681   Thumb Code    40  misc.o(i.SysTick_CLKSourceConfig)
    SystemInit                               0x080026a9   Thumb Code    78  system_stm32f10x.o(i.SystemInit)
    TIM1_Configuration1                      0x08002709   Thumb Code   290  timer_1.o(i.TIM1_Configuration1)
    TIM1_UP_IRQHandler                       0x08002839   Thumb Code   634  stm32f10x_it.o(i.TIM1_UP_IRQHandler)
    TIM2_IRQHandler                          0x08002b29   Thumb Code    28  stm32f10x_it.o(i.TIM2_IRQHandler)
    TIM2_Int_Init                            0x08002b49   Thumb Code    92  timer_1.o(i.TIM2_Int_Init)
    TIM_ARRPreloadConfig                     0x08002ba5   Thumb Code    24  stm32f10x_tim.o(i.TIM_ARRPreloadConfig)
    TIM_ClearFlag                            0x08002bbd   Thumb Code     6  stm32f10x_tim.o(i.TIM_ClearFlag)
    TIM_ClearITPendingBit                    0x08002bc3   Thumb Code     6  stm32f10x_tim.o(i.TIM_ClearITPendingBit)
    TIM_Cmd                                  0x08002bc9   Thumb Code    24  stm32f10x_tim.o(i.TIM_Cmd)
    TIM_CtrlPWMOutputs                       0x08002be1   Thumb Code    30  stm32f10x_tim.o(i.TIM_CtrlPWMOutputs)
    TIM_DeInit                               0x08002c01   Thumb Code   424  stm32f10x_tim.o(i.TIM_DeInit)
    TIM_GetITStatus                          0x08002de9   Thumb Code    34  stm32f10x_tim.o(i.TIM_GetITStatus)
    TIM_ITConfig                             0x08002e0b   Thumb Code    18  stm32f10x_tim.o(i.TIM_ITConfig)
    TIM_OC1Init                              0x08002e1d   Thumb Code   132  stm32f10x_tim.o(i.TIM_OC1Init)
    TIM_OC1PreloadConfig                     0x08002eb5   Thumb Code    18  stm32f10x_tim.o(i.TIM_OC1PreloadConfig)
    TIM_OC2Init                              0x08002ec9   Thumb Code   154  stm32f10x_tim.o(i.TIM_OC2Init)
    TIM_OC2PreloadConfig                     0x08002f6d   Thumb Code    26  stm32f10x_tim.o(i.TIM_OC2PreloadConfig)
    TIM_OC3Init                              0x08002f89   Thumb Code   150  stm32f10x_tim.o(i.TIM_OC3Init)
    TIM_OC3PreloadConfig                     0x08003029   Thumb Code    18  stm32f10x_tim.o(i.TIM_OC3PreloadConfig)
    TIM_OCStructInit                         0x0800303b   Thumb Code    20  stm32f10x_tim.o(i.TIM_OCStructInit)
    TIM_TimeBaseInit                         0x08003051   Thumb Code   122  stm32f10x_tim.o(i.TIM_TimeBaseInit)
    TIM_TimeBaseStructInit                   0x080030f5   Thumb Code    18  stm32f10x_tim.o(i.TIM_TimeBaseStructInit)
    TxCommand                                0x08003109   Thumb Code   394  5182_1.o(i.TxCommand)
    USART2_IRQHandler                        0x080032c5   Thumb Code     2  uart_1.o(i.USART2_IRQHandler)
    UtilBiSearchInt                          0x080032c7   Thumb Code    60  adc_1.o(i.UtilBiSearchInt)
    current_loop                             0x08003305   Thumb Code    30  protect.o(i.current_loop)
    current_protect                          0x08003331   Thumb Code    56  protect.o(i.current_protect)
    delay_init                               0x08003375   Thumb Code    52  delay_1.o(i.delay_init)
    delay_ms                                 0x080033b1   Thumb Code    72  delay_1.o(i.delay_ms)
    delay_us                                 0x080033fd   Thumb Code    72  delay_1.o(i.delay_us)
    initsysblock                             0x08003449   Thumb Code   114  system.o(i.initsysblock)
    main                                     0x080034c1   Thumb Code   328  main.o(i.main)
    motor_stop                               0x08003649   Thumb Code    46  protect.o(i.motor_stop)
    power_loop                               0x08003681   Thumb Code    28  protect.o(i.power_loop)
    voltage_protect                          0x080036a9   Thumb Code    68  protect.o(i.voltage_protect)
    temRef                                   0x080036f8   Data         504  adc_1.o(.constdata)
    SPI1_TxData                              0x080038f0   Data          18  drv8301_1.o(.constdata)
    ucReverseHall                            0x08003902   Data           8  motorcontrol_1.o(.constdata)
    ucForwardHall                            0x0800390a   Data           8  motorcontrol_1.o(.constdata)
    Region$$Table$$Base                      0x08003914   Number         0  anon$$obj.o(Region$$Table)
    Region$$Table$$Limit                     0x08003934   Number         0  anon$$obj.o(Region$$Table)
    SPI1_RxData                              0x20000000   Data          18  main.o(.data)
    testOc                                   0x20000014   Data           4  main.o(.data)
    testFaullt                               0x20000018   Data           4  main.o(.data)
    uc1msFlag                                0x2000001c   Data           1  stm32f10x_it.o(.data)
    uiHall                                   0x2000001e   Data           2  stm32f10x_it.o(.data)
    uiCurrentAD_Last                         0x20000020   Data           2  stm32f10x_it.o(.data)
    uiVoltageAD_Last                         0x20000022   Data           2  stm32f10x_it.o(.data)
    uiMosTemAD_Last                          0x20000024   Data           2  stm32f10x_it.o(.data)
    uiHallA_Time                             0x20000026   Data           2  stm32f10x_it.o(.data)
    uiHallB_Time                             0x20000028   Data           2  stm32f10x_it.o(.data)
    uiHallC_Time                             0x2000002a   Data           2  stm32f10x_it.o(.data)
    uctest                                   0x2000002e   Data           5  5182_1.o(.data)
    LastCmdByte                              0x20000033   Data           1  5182_1.o(.data)
    cmdTxBuf                                 0x20000034   Data           5  5182_1.o(.data)
    cmdStep                                  0x20000039   Data           1  5182_1.o(.data)
    cmdPtr                                   0x2000003a   Data           1  5182_1.o(.data)
    ucCheckSum                               0x2000003b   Data           1  5182_1.o(.data)
    ucCmdData                                0x2000003c   Data           3  5182_1.o(.data)
    sendTest                                 0x20000040   Data          12  5182_1.o(.data)
    FirstCnt                                 0x2000004c   Data           1  5182_1.o(.data)
    My_PWM                                   0x20000052   Data           2  hall_1.o(.data)
    ucHallTemp                               0x20000054   Data           1  hall_1.o(.data)
    keytemp                                  0x20000058   Data           1  motorcontrol_1.o(.data)
    uiVqrefTemp                              0x2000005a   Data           2  motorcontrol_1.o(.data)
    uiVqrefOut                               0x2000005c   Data           2  motorcontrol_1.o(.data)
    ucAngle                                  0x2000005e   Data           2  motorcontrol_1.o(.data)
    BatteryVolgate                           0x20000060   Data           1  motorcontrol_1.o(.data)
    uiTargetLocation                         0x20000064   Data           4  motorcontrol_1.o(.data)
    uiLengthSum                              0x20000068   Data           2  motorcontrol_1.o(.data)
    uiLeftLength                             0x2000006a   Data           2  motorcontrol_1.o(.data)
    uiRigthLength                            0x2000006c   Data           2  motorcontrol_1.o(.data)
    uiLengthDifferent                        0x2000006e   Data           2  motorcontrol_1.o(.data)
    uiCurrentLocation                        0x20000070   Data           4  motorcontrol_1.o(.data)
    ucMotorDrection                          0x20000074   Data           1  motorcontrol_1.o(.data)
    ucSteeringDrection                       0x20000075   Data           1  motorcontrol_1.o(.data)
    ucCalibrationFlag                        0x20000076   Data           1  motorcontrol_1.o(.data)
    ucCalibrationSuccessFlag                 0x20000077   Data           1  motorcontrol_1.o(.data)
    ucCalibrationStep1Flag                   0x20000078   Data           1  motorcontrol_1.o(.data)
    ucCalibrationFailedFlag                  0x20000079   Data           1  motorcontrol_1.o(.data)
    ucDriveCalibrationFlag                   0x2000007a   Data           1  motorcontrol_1.o(.data)
    ucDriveCalibrationSucFlag                0x2000007b   Data           1  motorcontrol_1.o(.data)
    ucDistanceAngle                          0x2000007c   Data           2  motorcontrol_1.o(.data)
    ucDistanceDirction                       0x2000007e   Data           1  motorcontrol_1.o(.data)
    ucDriveDistanceError                     0x20000080   Data           2  motorcontrol_1.o(.data)
    Left_RightLengh                          0x20000082   Data           8  motorcontrol_1.o(.data)
    datatemp                                 0x2000008a   Data           8  motorcontrol_1.o(.data)
    MototStatus                              0x20000092   Data           1  motorcontrol_1.o(.data)
    ucLeftShortFlag                          0x20000093   Data           1  motorcontrol_1.o(.data)
    ucRightShortFlag                         0x20000094   Data           1  motorcontrol_1.o(.data)
    Battery                                  0x20000096   Data           2  motorcontrol_1.o(.data)
    SetBatteryVoltage                        0x20000098   Data           1  motorcontrol_1.o(.data)
    SetBatteryVoltageOK                      0x20000099   Data           1  motorcontrol_1.o(.data)
    SetBatteryVoltageFailed                  0x2000009a   Data           1  motorcontrol_1.o(.data)
    SetBatteryVoltageNeeded                  0x2000009b   Data           1  motorcontrol_1.o(.data)
    SetBatteryVoltageNeeded5182              0x2000009c   Data           1  motorcontrol_1.o(.data)
    uc50msCnt                                0x2000009d   Data           1  motorcontrol_1.o(.data)
    uc2msCnt                                 0x2000009e   Data           2  motorcontrol_1.o(.data)
    uiSpeedFbk                               0x200000a0   Data           2  motorcontrol_1.o(.data)
    uiHallSpeedCnt                           0x200000a2   Data           2  motorcontrol_1.o(.data)
    uiHallSpeedBackCnt                       0x200000a4   Data           2  motorcontrol_1.o(.data)
    uiHallSpeedBackTempCnt                   0x200000a6   Data           2  motorcontrol_1.o(.data)
    uiHallSpeedTimeCnt                       0x200000a8   Data           2  motorcontrol_1.o(.data)
    uiCurrentLocationHallCnt                 0x200000ac   Data           4  motorcontrol_1.o(.data)
    HallTemp                                 0x200000b0   Data           1  motorcontrol_1.o(.data)
    ucChangeDrectionFlag                     0x200000b1   Data           1  motorcontrol_1.o(.data)
    uiCalibrationSpeed                       0x200000b2   Data           2  motorcontrol_1.o(.data)
    uiSpeedSet                               0x200000b4   Data           2  motorcontrol_1.o(.data)
    ucReadZeroFlag                           0x200000b6   Data           1  motorcontrol_1.o(.data)
    uiCurrentZero                            0x200000b8   Data           2  motorcontrol_1.o(.data)
    uiCurrentAD                              0x200000ba   Data           2  motorcontrol_1.o(.data)
    uiVoltageAD                              0x200000bc   Data           2  motorcontrol_1.o(.data)
    uiVoltageADFbk                           0x200000be   Data           2  motorcontrol_1.o(.data)
    uiMosTemAD                               0x200000c0   Data           2  motorcontrol_1.o(.data)
    uiMosTemADFbk                            0x200000c2   Data           2  motorcontrol_1.o(.data)
    ucForewardStallFlag                      0x200000c4   Data           1  motorcontrol_1.o(.data)
    ucReversedStallFlag                      0x200000c5   Data           1  motorcontrol_1.o(.data)
    UserMosTem                               0x200000c8   Data           4  motorcontrol_1.o(.data)
    UserCurrent10Times                       0x200000cc   Data           2  motorcontrol_1.o(.data)
    UserVolatge10Times                       0x200000ce   Data           2  motorcontrol_1.o(.data)
    UserPower                                0x200000d0   Data           2  motorcontrol_1.o(.data)
    MotorStopFlag                            0x200000d2   Data           1  motorcontrol_1.o(.data)
    ucClearFault                             0x200000d3   Data           1  motorcontrol_1.o(.data)
    ucMotorDrectionTemp                      0x200000d4   Data           1  motorcontrol_1.o(.data)
    uiLimitCurrent                           0x200000d6   Data           2  motorcontrol_1.o(.data)
    uiLimitPower                             0x200000d8   Data           2  motorcontrol_1.o(.data)
    uiCurrentFbk                             0x200000da   Data           2  motorcontrol_1.o(.data)
    dataVolgate                              0x200000dc   Data           6  motorcontrol_1.o(.data)
    BatterySet                               0x200000e2   Data           6  motorcontrol_1.o(.data)
    SPI5182_Buf                              0x200000f0   Data          16  5182_1.o(.bss)
    STMFLASH_BUF                             0x20000100   Data        1024  flash_1.o(.bss)
    SpeedPara                                0x20000500   Data          64  motorcontrol_1.o(.bss)
    CurrentPara                              0x20000540   Data          64  motorcontrol_1.o(.bss)
    PositionPara                             0x20000580   Data          64  motorcontrol_1.o(.bss)
    PowerPara                                0x200005c0   Data          64  motorcontrol_1.o(.bss)
    SpeedData                                0x20000600   Data          12  motorcontrol_1.o(.bss)
    ulSpeedArry                              0x2000060c   Data         168  motorcontrol_1.o(.bss)
    __libspace_start                         0x200006b4   Data          96  libspace.o(.bss)
    __temporary_stack_top$libspace           0x20000714   Data           0  libspace.o(.bss)



==============================================================================

Memory Map of the image

  Image Entry point : 0x080000ed

  Load Region LR_IROM1 (Base: 0x08000000, Size: 0x00003a24, Max: 0x00010000, ABSOLUTE)

    Execution Region ER_IROM1 (Exec base: 0x08000000, Load base: 0x08000000, Size: 0x00003934, Max: 0x00010000, ABSOLUTE)

    Exec Addr    Load Addr    Size         Type   Attr      Idx    E Section Name        Object

    0x08000000   0x08000000   0x000000ec   Data   RO            3    RESET               startup_stm32f10x_md.o
    0x080000ec   0x080000ec   0x00000008   Code   RO         3002  * !!!main             c_w.l(__main.o)
    0x080000f4   0x080000f4   0x00000034   Code   RO         3159    !!!scatter          c_w.l(__scatter.o)
    0x08000128   0x08000128   0x0000001a   Code   RO         3161    !!handler_copy      c_w.l(__scatter_copy.o)
    0x08000142   0x08000142   0x00000002   PAD
    0x08000144   0x08000144   0x0000001c   Code   RO         3163    !!handler_zi        c_w.l(__scatter_zi.o)
    0x08000160   0x08000160   0x00000002   Code   RO         3029    .ARM.Collect$$libinit$$00000000  c_w.l(libinit.o)
    0x08000162   0x08000162   0x00000000   Code   RO         3036    .ARM.Collect$$libinit$$00000002  c_w.l(libinit2.o)
    0x08000162   0x08000162   0x00000000   Code   RO         3038    .ARM.Collect$$libinit$$00000004  c_w.l(libinit2.o)
    0x08000162   0x08000162   0x00000000   Code   RO         3041    .ARM.Collect$$libinit$$0000000A  c_w.l(libinit2.o)
    0x08000162   0x08000162   0x00000000   Code   RO         3043    .ARM.Collect$$libinit$$0000000C  c_w.l(libinit2.o)
    0x08000162   0x08000162   0x00000000   Code   RO         3045    .ARM.Collect$$libinit$$0000000E  c_w.l(libinit2.o)
    0x08000162   0x08000162   0x00000000   Code   RO         3048    .ARM.Collect$$libinit$$00000011  c_w.l(libinit2.o)
    0x08000162   0x08000162   0x00000000   Code   RO         3050    .ARM.Collect$$libinit$$00000013  c_w.l(libinit2.o)
    0x08000162   0x08000162   0x00000000   Code   RO         3052    .ARM.Collect$$libinit$$00000015  c_w.l(libinit2.o)
    0x08000162   0x08000162   0x00000000   Code   RO         3054    .ARM.Collect$$libinit$$00000017  c_w.l(libinit2.o)
    0x08000162   0x08000162   0x00000000   Code   RO         3056    .ARM.Collect$$libinit$$00000019  c_w.l(libinit2.o)
    0x08000162   0x08000162   0x00000000   Code   RO         3058    .ARM.Collect$$libinit$$0000001B  c_w.l(libinit2.o)
    0x08000162   0x08000162   0x00000000   Code   RO         3060    .ARM.Collect$$libinit$$0000001D  c_w.l(libinit2.o)
    0x08000162   0x08000162   0x00000000   Code   RO         3062    .ARM.Collect$$libinit$$0000001F  c_w.l(libinit2.o)
    0x08000162   0x08000162   0x00000000   Code   RO         3064    .ARM.Collect$$libinit$$00000021  c_w.l(libinit2.o)
    0x08000162   0x08000162   0x00000000   Code   RO         3066    .ARM.Collect$$libinit$$00000023  c_w.l(libinit2.o)
    0x08000162   0x08000162   0x00000000   Code   RO         3068    .ARM.Collect$$libinit$$00000025  c_w.l(libinit2.o)
    0x08000162   0x08000162   0x00000000   Code   RO         3072    .ARM.Collect$$libinit$$0000002C  c_w.l(libinit2.o)
    0x08000162   0x08000162   0x00000000   Code   RO         3074    .ARM.Collect$$libinit$$0000002E  c_w.l(libinit2.o)
    0x08000162   0x08000162   0x00000000   Code   RO         3076    .ARM.Collect$$libinit$$00000030  c_w.l(libinit2.o)
    0x08000162   0x08000162   0x00000000   Code   RO         3078    .ARM.Collect$$libinit$$00000032  c_w.l(libinit2.o)
    0x08000162   0x08000162   0x00000002   Code   RO         3079    .ARM.Collect$$libinit$$00000033  c_w.l(libinit2.o)
    0x08000164   0x08000164   0x00000002   Code   RO         3099    .ARM.Collect$$libshutdown$$00000000  c_w.l(libshutdown.o)
    0x08000166   0x08000166   0x00000000   Code   RO         3112    .ARM.Collect$$libshutdown$$00000002  c_w.l(libshutdown2.o)
    0x08000166   0x08000166   0x00000000   Code   RO         3114    .ARM.Collect$$libshutdown$$00000004  c_w.l(libshutdown2.o)
    0x08000166   0x08000166   0x00000000   Code   RO         3117    .ARM.Collect$$libshutdown$$00000007  c_w.l(libshutdown2.o)
    0x08000166   0x08000166   0x00000000   Code   RO         3120    .ARM.Collect$$libshutdown$$0000000A  c_w.l(libshutdown2.o)
    0x08000166   0x08000166   0x00000000   Code   RO         3122    .ARM.Collect$$libshutdown$$0000000C  c_w.l(libshutdown2.o)
    0x08000166   0x08000166   0x00000000   Code   RO         3125    .ARM.Collect$$libshutdown$$0000000F  c_w.l(libshutdown2.o)
    0x08000166   0x08000166   0x00000002   Code   RO         3126    .ARM.Collect$$libshutdown$$00000010  c_w.l(libshutdown2.o)
    0x08000168   0x08000168   0x00000000   Code   RO         3004    .ARM.Collect$$rtentry$$00000000  c_w.l(__rtentry.o)
    0x08000168   0x08000168   0x00000000   Code   RO         3006    .ARM.Collect$$rtentry$$00000002  c_w.l(__rtentry2.o)
    0x08000168   0x08000168   0x00000006   Code   RO         3018    .ARM.Collect$$rtentry$$00000004  c_w.l(__rtentry4.o)
    0x0800016e   0x0800016e   0x00000000   Code   RO         3008    .ARM.Collect$$rtentry$$00000009  c_w.l(__rtentry2.o)
    0x0800016e   0x0800016e   0x00000004   Code   RO         3009    .ARM.Collect$$rtentry$$0000000A  c_w.l(__rtentry2.o)
    0x08000172   0x08000172   0x00000000   Code   RO         3011    .ARM.Collect$$rtentry$$0000000C  c_w.l(__rtentry2.o)
    0x08000172   0x08000172   0x00000008   Code   RO         3012    .ARM.Collect$$rtentry$$0000000D  c_w.l(__rtentry2.o)
    0x0800017a   0x0800017a   0x00000002   Code   RO         3033    .ARM.Collect$$rtexit$$00000000  c_w.l(rtexit.o)
    0x0800017c   0x0800017c   0x00000000   Code   RO         3081    .ARM.Collect$$rtexit$$00000002  c_w.l(rtexit2.o)
    0x0800017c   0x0800017c   0x00000004   Code   RO         3082    .ARM.Collect$$rtexit$$00000003  c_w.l(rtexit2.o)
    0x08000180   0x08000180   0x00000006   Code   RO         3083    .ARM.Collect$$rtexit$$00000004  c_w.l(rtexit2.o)
    0x08000186   0x08000186   0x00000002   PAD
    0x08000188   0x08000188   0x00000040   Code   RO            4    .text               startup_stm32f10x_md.o
    0x080001c8   0x080001c8   0x00000006   Code   RO         3000    .text               c_w.l(heapauxi.o)
    0x080001ce   0x080001ce   0x0000004a   Code   RO         3020    .text               c_w.l(sys_stackheap_outer.o)
    0x08000218   0x08000218   0x00000012   Code   RO         3022    .text               c_w.l(exit.o)
    0x0800022a   0x0800022a   0x00000002   PAD
    0x0800022c   0x0800022c   0x00000008   Code   RO         3030    .text               c_w.l(libspace.o)
    0x08000234   0x08000234   0x0000000c   Code   RO         3091    .text               c_w.l(sys_exit.o)
    0x08000240   0x08000240   0x00000002   Code   RO         3102    .text               c_w.l(use_no_semi.o)
    0x08000242   0x08000242   0x00000000   Code   RO         3104    .text               c_w.l(indicate_semi.o)
    0x08000242   0x08000242   0x00000016   Code   RO          139    i.ADC_Cmd           stm32f10x_adc.o
    0x08000258   0x08000258   0x000000e4   Code   RO         2531    i.ADC_Configuration1  adc_1.o
    0x0800033c   0x0800033c   0x00000016   Code   RO          145    i.ADC_ExternalTrigInjectedConvCmd  stm32f10x_adc.o
    0x08000352   0x08000352   0x00000010   Code   RO          146    i.ADC_ExternalTrigInjectedConvConfig  stm32f10x_adc.o
    0x08000362   0x08000362   0x00000014   Code   RO          147    i.ADC_GetCalibrationStatus  stm32f10x_adc.o
    0x08000376   0x08000376   0x00000014   Code   RO          153    i.ADC_GetResetCalibrationStatus  stm32f10x_adc.o
    0x0800038a   0x0800038a   0x00000002   PAD
    0x0800038c   0x0800038c   0x00000050   Code   RO          157    i.ADC_Init          stm32f10x_adc.o
    0x080003dc   0x080003dc   0x00000082   Code   RO          158    i.ADC_InjectedChannelConfig  stm32f10x_adc.o
    0x0800045e   0x0800045e   0x00000018   Code   RO          160    i.ADC_InjectedSequencerLengthConfig  stm32f10x_adc.o
    0x08000476   0x08000476   0x0000000a   Code   RO          162    i.ADC_ResetCalibration  stm32f10x_adc.o
    0x08000480   0x08000480   0x0000000a   Code   RO          166    i.ADC_StartCalibration  stm32f10x_adc.o
    0x0800048a   0x0800048a   0x00000014   Code   RO         2532    i.Caculate_Current  adc_1.o
    0x0800049e   0x0800049e   0x00000002   PAD
    0x080004a0   0x080004a0   0x00000024   Code   RO         2533    i.Caculate_CurrentZero  adc_1.o
    0x080004c4   0x080004c4   0x00000014   Code   RO         2534    i.Caculate_Tem      adc_1.o
    0x080004d8   0x080004d8   0x0000000c   Code   RO         2535    i.Caculate_Vbus10Times  adc_1.o
    0x080004e4   0x080004e4   0x00000324   Code   RO         2724    i.CalculateDistance  motorcontrol_1.o
    0x08000808   0x08000808   0x000001cc   Code   RO         2725    i.CalibrationPosition  motorcontrol_1.o
    0x080009d4   0x080009d4   0x00000048   Code   RO         2449    i.CheckCmdData      5182_1.o
    0x08000a1c   0x08000a1c   0x000005e4   Code   RO         2726    i.CheckFault        motorcontrol_1.o
    0x08001000   0x08001000   0x000001a4   Code   RO         2728    i.DriveCalibration  motorcontrol_1.o
    0x080011a4   0x080011a4   0x00000140   Code   RO         2412    i.EXTI9_5_IRQHandler  stm32f10x_it.o
    0x080012e4   0x080012e4   0x0000000c   Code   RO          470    i.EXTI_ClearITPendingBit  stm32f10x_exti.o
    0x080012f0   0x080012f0   0x00000028   Code   RO          474    i.EXTI_GetITStatus  stm32f10x_exti.o
    0x08001318   0x08001318   0x00000094   Code   RO          475    i.EXTI_Init         stm32f10x_exti.o
    0x080013ac   0x080013ac   0x00000034   Code   RO         2729    i.Error_Acknowledge  motorcontrol_1.o
    0x080013e0   0x080013e0   0x0000004c   Code   RO          528    i.FLASH_ErasePage   stm32f10x_flash.o
    0x0800142c   0x0800142c   0x00000034   Code   RO          529    i.FLASH_GetBank1Status  stm32f10x_flash.o
    0x08001460   0x08001460   0x00000014   Code   RO          538    i.FLASH_Lock        stm32f10x_flash.o
    0x08001474   0x08001474   0x0000001c   Code   RO          540    i.FLASH_PrefetchBufferCmd  stm32f10x_flash.o
    0x08001490   0x08001490   0x00000040   Code   RO          541    i.FLASH_ProgramHalfWord  stm32f10x_flash.o
    0x080014d0   0x080014d0   0x00000018   Code   RO          546    i.FLASH_Unlock      stm32f10x_flash.o
    0x080014e8   0x080014e8   0x00000026   Code   RO          550    i.FLASH_WaitForLastOperation  stm32f10x_flash.o
    0x0800150e   0x0800150e   0x00000002   PAD
    0x08001510   0x08001510   0x00000040   Code   RO          820    i.GPIO_EXTILineConfig  stm32f10x_gpio.o
    0x08001550   0x08001550   0x00000116   Code   RO          823    i.GPIO_Init         stm32f10x_gpio.o
    0x08001666   0x08001666   0x00000002   PAD
    0x08001668   0x08001668   0x00000090   Code   RO          825    i.GPIO_PinRemapConfig  stm32f10x_gpio.o
    0x080016f8   0x080016f8   0x00000008   Code   RO          826    i.GPIO_ReadInputData  stm32f10x_gpio.o
    0x08001700   0x08001700   0x00000012   Code   RO          827    i.GPIO_ReadInputDataBit  stm32f10x_gpio.o
    0x08001712   0x08001712   0x00000004   Code   RO          830    i.GPIO_ResetBits    stm32f10x_gpio.o
    0x08001716   0x08001716   0x00000004   Code   RO          831    i.GPIO_SetBits      stm32f10x_gpio.o
    0x0800171a   0x0800171a   0x00000002   PAD
    0x0800171c   0x0800171c   0x000000a8   Code   RO         2606    i.GateDriverConf    drv8301_1.o
    0x080017c4   0x080017c4   0x00000080   Code   RO         2680    i.Hall_Init         hall_1.o
    0x08001844   0x08001844   0x0000014c   Code   RO         2681    i.Hall_SW           hall_1.o
    0x08001990   0x08001990   0x000000c8   Code   RO         2450    i.HandleCommand     5182_1.o
    0x08001a58   0x08001a58   0x00000010   Code   RO         2249    i.IWDG_Enable       stm32f10x_iwdg.o
    0x08001a68   0x08001a68   0x00000024   Code   RO         2712    i.IWDG_Init         iwdg_1.o
    0x08001a8c   0x08001a8c   0x00000010   Code   RO         2251    i.IWDG_ReloadCounter  stm32f10x_iwdg.o
    0x08001a9c   0x08001a9c   0x0000000c   Code   RO         2252    i.IWDG_SetPrescaler  stm32f10x_iwdg.o
    0x08001aa8   0x08001aa8   0x0000000c   Code   RO         2253    i.IWDG_SetReload    stm32f10x_iwdg.o
    0x08001ab4   0x08001ab4   0x0000000c   Code   RO         2254    i.IWDG_WriteAccessCmd  stm32f10x_iwdg.o
    0x08001ac0   0x08001ac0   0x00000140   Code   RO         2668    i.MY_GPIO_Init      gpio_1.o
    0x08001c00   0x08001c00   0x00000028   Code   RO         2451    i.MotorPrepareCmd   5182_1.o
    0x08001c28   0x08001c28   0x0000001a   Code   RO         2452    i.Motor_CheckSum    5182_1.o
    0x08001c42   0x08001c42   0x00000002   PAD
    0x08001c44   0x08001c44   0x00000054   Code   RO         2732    i.Motor_speed_calulate  motorcontrol_1.o
    0x08001c98   0x08001c98   0x00000070   Code   RO           10    i.NVIC_Init         misc.o
    0x08001d08   0x08001d08   0x00000014   Code   RO           11    i.NVIC_PriorityGroupConfig  misc.o
    0x08001d1c   0x08001d1c   0x00000014   Code   RO           12    i.NVIC_SetVectorTable  misc.o
    0x08001d30   0x08001d30   0x000000d4   Code   RO         2733    i.PID_Speed         motorcontrol_1.o
    0x08001e04   0x08001e04   0x0000005c   Code   RO         2735    i.QueryLeftRight    motorcontrol_1.o
    0x08001e60   0x08001e60   0x00000050   Code   RO         2736    i.QueryVoltage      motorcontrol_1.o
    0x08001eb0   0x08001eb0   0x00000020   Code   RO          993    i.RCC_APB1PeriphClockCmd  stm32f10x_rcc.o
    0x08001ed0   0x08001ed0   0x00000020   Code   RO          994    i.RCC_APB1PeriphResetCmd  stm32f10x_rcc.o
    0x08001ef0   0x08001ef0   0x00000020   Code   RO          995    i.RCC_APB2PeriphClockCmd  stm32f10x_rcc.o
    0x08001f10   0x08001f10   0x00000020   Code   RO          996    i.RCC_APB2PeriphResetCmd  stm32f10x_rcc.o
    0x08001f30   0x08001f30   0x000000ac   Code   RO         2853    i.RCC_Configuration  timer_1.o
    0x08001fdc   0x08001fdc   0x0000004c   Code   RO         1002    i.RCC_DeInit        stm32f10x_rcc.o
    0x08002028   0x08002028   0x0000003c   Code   RO         1004    i.RCC_GetFlagStatus  stm32f10x_rcc.o
    0x08002064   0x08002064   0x0000000c   Code   RO         1009    i.RCC_HSICmd        stm32f10x_rcc.o
    0x08002070   0x08002070   0x0000000c   Code   RO         1016    i.RCC_PLLCmd        stm32f10x_rcc.o
    0x0800207c   0x0800207c   0x00000130   Code   RO         2453    i.RxCommand         5182_1.o
    0x080021ac   0x080021ac   0x000000b8   Code   RO         2841    i.SPI1_Init         spi_1.o
    0x08002264   0x08002264   0x000000a0   Code   RO         2454    i.SPI5182_HandleTxd  5182_1.o
    0x08002304   0x08002304   0x00000040   Code   RO         2455    i.SPI5182_PutChar   5182_1.o
    0x08002344   0x08002344   0x00000040   Code   RO         2456    i.SPI5182_QueryChar  5182_1.o
    0x08002384   0x08002384   0x00000030   Code   RO         2457    i.SPI5182_ReadTxBuf  5182_1.o
    0x080023b4   0x080023b4   0x0000003c   Code   RO         2458    i.SPI5182_WriteRxBuf  5182_1.o
    0x080023f0   0x080023f0   0x00000018   Code   RO         1382    i.SPI_Cmd           stm32f10x_spi.o
    0x08002408   0x08002408   0x00000012   Code   RO         1390    i.SPI_I2S_GetFlagStatus  stm32f10x_spi.o
    0x0800241a   0x0800241a   0x00000006   Code   RO         1393    i.SPI_I2S_ReceiveData  stm32f10x_spi.o
    0x08002420   0x08002420   0x00000004   Code   RO         1394    i.SPI_I2S_SendData  stm32f10x_spi.o
    0x08002424   0x08002424   0x0000003c   Code   RO         1395    i.SPI_Init          stm32f10x_spi.o
    0x08002460   0x08002460   0x00000022   Code   RO         2629    i.STMFLASH_Read     flash_1.o
    0x08002482   0x08002482   0x00000006   Code   RO         2630    i.STMFLASH_ReadHalfWord  flash_1.o
    0x08002488   0x08002488   0x00000060   Code   RO         2631    i.STMFLASH_Write    flash_1.o
    0x080024e8   0x080024e8   0x00000026   Code   RO         2632    i.STMFLASH_Write_NoCheck  flash_1.o
    0x0800250e   0x0800250e   0x00000008   Code   RO         2291    i.SetSysClock       system_stm32f10x.o
    0x08002516   0x08002516   0x00000002   PAD
    0x08002518   0x08002518   0x000000e0   Code   RO         2292    i.SetSysClockTo72   system_stm32f10x.o
    0x080025f8   0x080025f8   0x00000020   Code   RO         2737    i.SpeedParaInit     motorcontrol_1.o
    0x08002618   0x08002618   0x00000030   Code   RO         2738    i.SpeedSum          motorcontrol_1.o
    0x08002648   0x08002648   0x00000038   Code   RO         2739    i.SpeedSumInit      motorcontrol_1.o
    0x08002680   0x08002680   0x00000028   Code   RO           14    i.SysTick_CLKSourceConfig  misc.o
    0x080026a8   0x080026a8   0x00000060   Code   RO         2294    i.SystemInit        system_stm32f10x.o
    0x08002708   0x08002708   0x00000130   Code   RO         2854    i.TIM1_Configuration1  timer_1.o
    0x08002838   0x08002838   0x000002f0   Code   RO         2413    i.TIM1_UP_IRQHandler  stm32f10x_it.o
    0x08002b28   0x08002b28   0x00000020   Code   RO         2414    i.TIM2_IRQHandler   stm32f10x_it.o
    0x08002b48   0x08002b48   0x0000005c   Code   RO         2855    i.TIM2_Int_Init     timer_1.o
    0x08002ba4   0x08002ba4   0x00000018   Code   RO         1525    i.TIM_ARRPreloadConfig  stm32f10x_tim.o
    0x08002bbc   0x08002bbc   0x00000006   Code   RO         1531    i.TIM_ClearFlag     stm32f10x_tim.o
    0x08002bc2   0x08002bc2   0x00000006   Code   RO         1532    i.TIM_ClearITPendingBit  stm32f10x_tim.o
    0x08002bc8   0x08002bc8   0x00000018   Code   RO         1537    i.TIM_Cmd           stm32f10x_tim.o
    0x08002be0   0x08002be0   0x0000001e   Code   RO         1539    i.TIM_CtrlPWMOutputs  stm32f10x_tim.o
    0x08002bfe   0x08002bfe   0x00000002   PAD
    0x08002c00   0x08002c00   0x000001e8   Code   RO         1542    i.TIM_DeInit        stm32f10x_tim.o
    0x08002de8   0x08002de8   0x00000022   Code   RO         1558    i.TIM_GetITStatus   stm32f10x_tim.o
    0x08002e0a   0x08002e0a   0x00000012   Code   RO         1562    i.TIM_ITConfig      stm32f10x_tim.o
    0x08002e1c   0x08002e1c   0x00000098   Code   RO         1566    i.TIM_OC1Init       stm32f10x_tim.o
    0x08002eb4   0x08002eb4   0x00000012   Code   RO         1569    i.TIM_OC1PreloadConfig  stm32f10x_tim.o
    0x08002ec6   0x08002ec6   0x00000002   PAD
    0x08002ec8   0x08002ec8   0x000000a4   Code   RO         1571    i.TIM_OC2Init       stm32f10x_tim.o
    0x08002f6c   0x08002f6c   0x0000001a   Code   RO         1574    i.TIM_OC2PreloadConfig  stm32f10x_tim.o
    0x08002f86   0x08002f86   0x00000002   PAD
    0x08002f88   0x08002f88   0x000000a0   Code   RO         1576    i.TIM_OC3Init       stm32f10x_tim.o
    0x08003028   0x08003028   0x00000012   Code   RO         1579    i.TIM_OC3PreloadConfig  stm32f10x_tim.o
    0x0800303a   0x0800303a   0x00000014   Code   RO         1584    i.TIM_OCStructInit  stm32f10x_tim.o
    0x0800304e   0x0800304e   0x00000002   PAD
    0x08003050   0x08003050   0x000000a4   Code   RO         1608    i.TIM_TimeBaseInit  stm32f10x_tim.o
    0x080030f4   0x080030f4   0x00000012   Code   RO         1609    i.TIM_TimeBaseStructInit  stm32f10x_tim.o
    0x08003106   0x08003106   0x00000002   PAD
    0x08003108   0x08003108   0x000001bc   Code   RO         2459    i.TxCommand         5182_1.o
    0x080032c4   0x080032c4   0x00000002   Code   RO         2878    i.USART2_IRQHandler  uart_1.o
    0x080032c6   0x080032c6   0x0000003c   Code   RO         2536    i.UtilBiSearchInt   adc_1.o
    0x08003302   0x08003302   0x00000002   PAD
    0x08003304   0x08003304   0x0000002c   Code   RO         2901    i.current_loop      protect.o
    0x08003330   0x08003330   0x00000044   Code   RO         2902    i.current_protect   protect.o
    0x08003374   0x08003374   0x0000003c   Code   RO         2577    i.delay_init        delay_1.o
    0x080033b0   0x080033b0   0x0000004c   Code   RO         2578    i.delay_ms          delay_1.o
    0x080033fc   0x080033fc   0x0000004c   Code   RO         2579    i.delay_us          delay_1.o
    0x08003448   0x08003448   0x00000078   Code   RO         2945    i.initsysblock      system.o
    0x080034c0   0x080034c0   0x00000188   Code   RO         2347    i.main              main.o
    0x08003648   0x08003648   0x00000038   Code   RO         2903    i.motor_stop        protect.o
    0x08003680   0x08003680   0x00000028   Code   RO         2905    i.power_loop        protect.o
    0x080036a8   0x080036a8   0x00000050   Code   RO         2906    i.voltage_protect   protect.o
    0x080036f8   0x080036f8   0x000001f8   Data   RO         2537    .constdata          adc_1.o
    0x080038f0   0x080038f0   0x00000012   Data   RO         2608    .constdata          drv8301_1.o
    0x08003902   0x08003902   0x00000010   Data   RO         2742    .constdata          motorcontrol_1.o
    0x08003912   0x08003912   0x00000002   PAD
    0x08003914   0x08003914   0x00000020   Data   RO         3157    Region$$Table       anon$$obj.o


    Execution Region RW_IRAM1 (Exec base: 0x20000000, Load base: 0x08003934, Size: 0x00000d18, Max: 0x00005000, ABSOLUTE)

    Exec Addr    Load Addr    Size         Type   Attr      Idx    E Section Name        Object

    0x20000000   0x08003934   0x0000001c   Data   RW         2349    .data               main.o
    0x2000001c   0x08003950   0x00000011   Data   RW         2415    .data               stm32f10x_it.o
    0x2000002d   0x08003961   0x00000001   PAD
    0x2000002e   0x08003962   0x0000001f   Data   RW         2461    .data               5182_1.o
    0x2000004d   0x08003981   0x00000001   PAD
    0x2000004e   0x08003982   0x00000004   Data   RW         2580    .data               delay_1.o
    0x20000052   0x08003986   0x00000003   Data   RW         2683    .data               hall_1.o
    0x20000055   0x08003989   0x00000003   PAD
    0x20000058   0x0800398c   0x00000093   Data   RW         2743    .data               motorcontrol_1.o
    0x200000eb   0x08003a1f   0x00000003   Data   RW         2907    .data               protect.o
    0x200000ee   0x08003a22   0x00000002   PAD
    0x200000f0        -       0x00000010   Zero   RW         2460    .bss                5182_1.o
    0x20000100        -       0x00000400   Zero   RW         2634    .bss                flash_1.o
    0x20000500        -       0x000001b4   Zero   RW         2741    .bss                motorcontrol_1.o
    0x200006b4        -       0x00000060   Zero   RW         3031    .bss                c_w.l(libspace.o)
    0x20000714   0x08003a22   0x00000004   PAD
    0x20000718        -       0x00000200   Zero   RW            2    HEAP                startup_stm32f10x_md.o
    0x20000918        -       0x00000400   Zero   RW            1    STACK               startup_stm32f10x_md.o


==============================================================================

Image component sizes


      Code (inc. data)   RO Data    RW Data    ZI Data      Debug   Object Name

      1482        168          0         31         16       9108   5182_1.o
       376         22        504          0          0       4665   adc_1.o
       212         16          0          4          0       1971   delay_1.o
       168         22         18          0          0       1607   drv8301_1.o
       174          4          0          0       1024       3369   flash_1.o
       320         16          0          0          0        699   gpio_1.o
       460         40          0          3          0       1626   hall_1.o
        36          0          0          0          0        604   iwdg_1.o
       392         64          0         28          0       1455   main.o
       192         30          0          0          0     264435   misc.o
      3848        450         16        147        436      14605   motorcontrol_1.o
       288         60          0          3          0       3027   protect.o
       184          8          0          0          0        668   spi_1.o
        64         26        236          0       1536        884   startup_stm32f10x_md.o
       354         10          0          0          0       8709   stm32f10x_adc.o
       200         18          0          0          0       2328   stm32f10x_exti.o
       302         36          0          0          0       4360   stm32f10x_flash.o
       520         10          0          0          0       6105   stm32f10x_gpio.o
      1104        166          0         17          0       2656   stm32f10x_it.o
        68         30          0          0          0       2754   stm32f10x_iwdg.o
       288         52          0          0          0       4855   stm32f10x_rcc.o
       112          0          0          0          0       4166   stm32f10x_spi.o
      1370        146          0          0          0      11978   stm32f10x_tim.o
       120          6          0          0          0        543   system.o
       328         28          0          0          0     203749   system_stm32f10x.o
       568         24          0          0          0       2146   timer_1.o
         2          0          0          0          0        480   uart_1.o

    ----------------------------------------------------------------------
     13558       1452        808        240       3012     563552   Object Totals
         0          0         32          0          0          0   (incl. Generated)
        26          0          2          7          0          0   (incl. Padding)

    ----------------------------------------------------------------------

      Code (inc. data)   RO Data    RW Data    ZI Data      Debug   Library Member Name

         8          0          0          0          0         68   __main.o
         0          0          0          0          0          0   __rtentry.o
        12          0          0          0          0          0   __rtentry2.o
         6          0          0          0          0          0   __rtentry4.o
        52          8          0          0          0          0   __scatter.o
        26          0          0          0          0          0   __scatter_copy.o
        28          0          0          0          0          0   __scatter_zi.o
        18          0          0          0          0         80   exit.o
         6          0          0          0          0        152   heapauxi.o
         0          0          0          0          0          0   indicate_semi.o
         2          0          0          0          0          0   libinit.o
         2          0          0          0          0          0   libinit2.o
         2          0          0          0          0          0   libshutdown.o
         2          0          0          0          0          0   libshutdown2.o
         8          4          0          0         96         68   libspace.o
         2          0          0          0          0          0   rtexit.o
        10          0          0          0          0          0   rtexit2.o
        12          4          0          0          0         68   sys_exit.o
        74          0          0          0          0         80   sys_stackheap_outer.o
         2          0          0          0          0         68   use_no_semi.o

    ----------------------------------------------------------------------
       278         16          0          0        100        584   Library Totals
         6          0          0          0          4          0   (incl. Padding)

    ----------------------------------------------------------------------

      Code (inc. data)   RO Data    RW Data    ZI Data      Debug   Library Name

       272         16          0          0         96        584   c_w.l

    ----------------------------------------------------------------------
       278         16          0          0        100        584   Library Totals

    ----------------------------------------------------------------------

==============================================================================


      Code (inc. data)   RO Data    RW Data    ZI Data      Debug   

     13836       1468        808        240       3112     557684   Grand Totals
     13836       1468        808        240       3112     557684   ELF Image Totals
     13836       1468        808        240          0          0   ROM Totals

==============================================================================

    Total RO  Size (Code + RO Data)                14644 (  14.30kB)
    Total RW  Size (RW Data + ZI Data)              3352 (   3.27kB)
    Total ROM Size (Code + RO Data + RW Data)      14884 (  14.54kB)

==============================================================================

